Archive member included to satisfy reference by file (symbol)

../build/nwy_open_stub.a(nwy_open.o)
                              (--whole-archive)
../build/nwy_open_stub.a(nwy_open_stub.o)
                              (--whole-archive)
../tools/GNU_Arm_Toolchain/arm-none-eabi/lib/thumb/v7/nofp/libc.a(lib_a-atoi.o)
                              CMakeFiles/nwy_open_app.dir/nwy_test_demo/nwy_test_cli/modules/nwy_test_cli_os.obj (atoi)
../tools/GNU_Arm_Toolchain/arm-none-eabi/lib/thumb/v7/nofp/libc.a(lib_a-atol.o)
                              CMakeFiles/nwy_open_app.dir/nwy_test_demo/nwy_test_cli/modules/nwy_test_cli_os.obj (atol)
../tools/GNU_Arm_Toolchain/arm-none-eabi/lib/thumb/v7/nofp/libc.a(lib_a-memcpy.o)
                              CMakeFiles/nwy_open_app.dir/nwy_test_demo/nwy_test_cli/comm/nwy_test_cli_utils.obj (memcpy)
../tools/GNU_Arm_Toolchain/arm-none-eabi/lib/thumb/v7/nofp/libc.a(lib_a-memset.o)
                              CMakeFiles/nwy_open_app.dir/nwy_test_demo/nwy_test_cli/comm/nwy_test_cli_utils.obj (memset)
../tools/GNU_Arm_Toolchain/arm-none-eabi/lib/thumb/v7/nofp/libc.a(lib_a-printf.o)
                              CMakeFiles/nwy_open_app.dir/nwy_test_demo/odt_vts_application/HTTP_Server/http.obj (printf)
../tools/GNU_Arm_Toolchain/arm-none-eabi/lib/thumb/v7/nofp/libc.a(lib_a-snprintf.o)
                              CMakeFiles/nwy_open_app.dir/nwy_test_demo/nwy_test_cli/modules/nwy_test_cli_os.obj (snprintf)
../tools/GNU_Arm_Toolchain/arm-none-eabi/lib/thumb/v7/nofp/libc.a(lib_a-sprintf.o)
                              CMakeFiles/nwy_open_app.dir/nwy_test_demo/nwy_test_cli/comm/nwy_test_cli_adpt.obj (sprintf)
../tools/GNU_Arm_Toolchain/arm-none-eabi/lib/thumb/v7/nofp/libc.a(lib_a-sscanf.o)
                              CMakeFiles/nwy_open_app.dir/nwy_test_demo/nwy_test_cli/modules/nwy_test_cli_os.obj (sscanf)
../tools/GNU_Arm_Toolchain/arm-none-eabi/lib/thumb/v7/nofp/libc.a(lib_a-stdio.o)
                              ../tools/GNU_Arm_Toolchain/arm-none-eabi/lib/thumb/v7/nofp/libc.a(lib_a-sscanf.o) (__seofread)
../tools/GNU_Arm_Toolchain/arm-none-eabi/lib/thumb/v7/nofp/libc.a(lib_a-strcat.o)
                              CMakeFiles/nwy_open_app.dir/nwy_test_demo/nwy_test_cli/modules/nwy_test_cli_http.obj (strcat)
../tools/GNU_Arm_Toolchain/arm-none-eabi/lib/thumb/v7/nofp/libc.a(lib_a-strchr.o)
                              CMakeFiles/nwy_open_app.dir/nwy_test_demo/odt_vts_application/HTTP_Server/http.obj (strchr)
../tools/GNU_Arm_Toolchain/arm-none-eabi/lib/thumb/v7/nofp/libc.a(lib_a-strcmp.o)
                              CMakeFiles/nwy_open_app.dir/nwy_test_demo/nwy_test_cli/modules/nwy_test_cli_http.obj (strcmp)
../tools/GNU_Arm_Toolchain/arm-none-eabi/lib/thumb/v7/nofp/libc.a(lib_a-strcpy.o)
                              CMakeFiles/nwy_open_app.dir/nwy_test_demo/nwy_test_cli/modules/nwy_test_cli_http.obj (strcpy)
../tools/GNU_Arm_Toolchain/arm-none-eabi/lib/thumb/v7/nofp/libc.a(lib_a-strlen-stub.o)
                              CMakeFiles/nwy_open_app.dir/nwy_test_demo/nwy_test_cli/comm/nwy_test_cli_utils.obj (strlen)
../tools/GNU_Arm_Toolchain/arm-none-eabi/lib/thumb/v7/nofp/libc.a(lib_a-strncmp.o)
                              CMakeFiles/nwy_open_app.dir/nwy_test_demo/nwy_test_cli/comm/nwy_test_cli_adpt.obj (strncmp)
../tools/GNU_Arm_Toolchain/arm-none-eabi/lib/thumb/v7/nofp/libc.a(lib_a-strncpy.o)
                              CMakeFiles/nwy_open_app.dir/nwy_test_demo/nwy_test_cli/modules/nwy_test_cli_fota.obj (strncpy)
../tools/GNU_Arm_Toolchain/arm-none-eabi/lib/thumb/v7/nofp/libc.a(lib_a-strrchr.o)
                              CMakeFiles/nwy_open_app.dir/nwy_test_demo/nwy_test_cli/comm/nwy_test_cli_adpt.obj (strrchr)
../tools/GNU_Arm_Toolchain/arm-none-eabi/lib/thumb/v7/nofp/libc.a(lib_a-strstr.o)
                              CMakeFiles/nwy_open_app.dir/nwy_test_demo/odt_vts_application/HTTP_Server/http.obj (strstr)
../tools/GNU_Arm_Toolchain/arm-none-eabi/lib/thumb/v7/nofp/libc.a(lib_a-strtok.o)
                              CMakeFiles/nwy_open_app.dir/nwy_test_demo/nwy_test_cli/modules/nwy_test_cli_network.obj (strtok)
../tools/GNU_Arm_Toolchain/arm-none-eabi/lib/thumb/v7/nofp/libc.a(lib_a-strtok_r.o)
                              ../tools/GNU_Arm_Toolchain/arm-none-eabi/lib/thumb/v7/nofp/libc.a(lib_a-strtok.o) (__strtok_r)
../tools/GNU_Arm_Toolchain/arm-none-eabi/lib/thumb/v7/nofp/libc.a(lib_a-strtol.o)
                              ../tools/GNU_Arm_Toolchain/arm-none-eabi/lib/thumb/v7/nofp/libc.a(lib_a-atoi.o) (_strtol_r)
../tools/GNU_Arm_Toolchain/arm-none-eabi/lib/thumb/v7/nofp/libc.a(lib_a-svfprintf.o)
                              ../tools/GNU_Arm_Toolchain/arm-none-eabi/lib/thumb/v7/nofp/libc.a(lib_a-snprintf.o) (_svfprintf_r)
../tools/GNU_Arm_Toolchain/arm-none-eabi/lib/thumb/v7/nofp/libc.a(lib_a-svfscanf.o)
                              ../tools/GNU_Arm_Toolchain/arm-none-eabi/lib/thumb/v7/nofp/libc.a(lib_a-sscanf.o) (__ssvfscanf_r)
[...]
Memory Configuration

Name             Origin             Length             Attributes
APP_RAM          0x7e040800         0x000c0000         xrw
*default*        0x00000000         0xffffffff

Linker script and memory map

LOAD CMakeFiles/nwy_open_app.dir/nwy_test_demo/nwy_test_cli/comm/nwy_test_cli_utils.obj
LOAD CMakeFiles/nwy_open_app.dir/nwy_test_demo/nwy_test_cli/comm/nwy_test_cli_adpt.obj
LOAD CMakeFiles/nwy_open_app.dir/nwy_test_demo/nwy_test_cli/modules/nwy_test_cli_os.obj
LOAD CMakeFiles/nwy_open_app.dir/nwy_test_demo/nwy_test_cli/modules/nwy_test_cli_http.obj
LOAD CMakeFiles/nwy_open_app.dir/nwy_test_demo/nwy_test_cli/modules/nwy_test_cli_sim.obj
LOAD CMakeFiles/nwy_open_app.dir/nwy_test_demo/nwy_test_cli/modules/nwy_test_cli_loc.obj
LOAD CMakeFiles/nwy_open_app.dir/nwy_test_demo/nwy_test_cli/modules/nwy_test_cli_network.obj
LOAD CMakeFiles/nwy_open_app.dir/nwy_test_demo/nwy_test_cli/modules/nwy_test_cli_data.obj
LOAD CMakeFiles/nwy_open_app.dir/nwy_test_demo/nwy_test_cli/modules/nwy_test_cli_fota.obj
LOAD CMakeFiles/nwy_open_app.dir/nwy_test_demo/odt_vts_application/Peripheral_Driver/driver.obj
LOAD CMakeFiles/nwy_open_app.dir/nwy_test_demo/odt_vts_application/Peripheral_Driver/drv_callback.obj
LOAD CMakeFiles/nwy_open_app.dir/nwy_test_demo/odt_vts_application/NET_Application/Network.obj
LOAD CMakeFiles/nwy_open_app.dir/nwy_test_demo/odt_vts_application/VTS_Application/VTS_App.obj
LOAD CMakeFiles/nwy_open_app.dir/nwy_test_demo/odt_vts_application/HTTP_Server/http.obj
LOAD CMakeFiles/nwy_open_app.dir/nwy_test_demo/odt_vts_application/OTA/ota.obj
LOAD CMakeFiles/nwy_open_app.dir/nwy_test_demo/odt_vts_application/SMS/sms.obj
LOAD CMakeFiles/nwy_open_app.dir/nwy_test_demo/odt_vts_application/Flash/flash.obj
LOAD ../build/nwy_open_stub.a
LOAD ../tools/GNU_Arm_Toolchain/arm-none-eabi/lib/thumb/v7/nofp/libc.a
LOAD ../tools/GNU_Arm_Toolchain/arm-none-eabi/lib/thumb/v7/nofp/libnosys.a
LOAD ../tools/GNU_Arm_Toolchain/lib/gcc/arm-none-eabi/10.3.1/thumb/v7/nofp/libgcc.a
LOAD C:/Users/ST/Desktop/N706B-A07-STD-OE_CN1X_ITRI-009_SDK/N706B-A07-STD-OE_CN1X_ITRI-009_SDK/tools/GNU_Arm_Toolchain/arm-none-eabi/lib/thumb/v7/nofp\libm.a

nwy_bin_header  0x7e040800        0xc
 *(nwy_bin_header)
 nwy_bin_header
                0x7e040800        0xc ../build/nwy_open_stub.a(nwy_open_stub.o)
                0x7e040800                nwy_open_app_bin_header

.text           0x7e04080c     0xeba8
 *(nwy_open_asm)
 nwy_open_asm   0x7e04080c     0x1830 ../build/nwy_open_stub.a(nwy_open.o)
                0x7e04080c                nwy_sdk_log_printf
                0x7e04081c                nwy_thread_create
                0x7e04082c                nwy_thread_get_current
                0x7e04083c                nwy_thread_set_priority
                0x7e04084c                nwy_thread_get_priority
                0x7e04085c                nwy_thread_suspend
                0x7e04086c                nwy_thread_resume
                0x7e04087c                nwy_thread_exit
                0x7e04088c                nwy_thread_sleep
                0x7e04089c                nwy_thread_usleep
                0x7e0408ac                nwy_thread_event_send
                0x7e0408bc                nwy_thread_event_front_send
                0x7e0408cc                nwy_thread_event_wait
                0x7e0408dc                nwy_thread_pendingevt_num_get
                0x7e0408ec                nwy_thread_spaceevt_cnt_get
                0x7e0408fc                nwy_thread_info_get
                0x7e04090c                nwy_thread_list_get
                0x7e04091c                nwy_thread_runtime_stats_get
                0x7e04092c                nwy_msg_queue_create
                0x7e04093c                nwy_msg_queue_delete
                0x7e04094c                nwy_msg_queue_send
                0x7e04095c                nwy_msg_queue_front_send
                0x7e04096c                nwy_msg_queue_recv
                0x7e04097c                nwy_msg_queue_pending_num_get
                0x7e04098c                nwy_msg_queue_space_num_get
                0x7e04099c                nwy_sdk_mutex_create
                0x7e0409ac                nwy_sdk_mutex_lock
                0x7e0409bc                nwy_sdk_mutex_unlock
                0x7e0409cc                nwy_sdk_mutex_delete
                0x7e0409dc                nwy_semaphore_create
                0x7e0409ec                nwy_semaphore_acquire
                0x7e0409fc                nwy_semahpore_release
                0x7e040a0c                nwy_semahpore_delete
                0x7e040a1c                nwy_semahpore_count_get
                0x7e040a2c                nwy_sdk_timer_create
                0x7e040a3c                nwy_sdk_timer_destory
                0x7e040a4c                nwy_sdk_timer_start
                0x7e040a5c                nwy_sdk_timer_status_get
                0x7e040a6c                nwy_sdk_timer_stop
                0x7e040a7c                nwy_uptime_get
                0x7e040a8c                nwy_date_set
                0x7e040a9c                nwy_date_get
                0x7e040aac                nwy_sys_timestamp_set
                0x7e040abc                nwy_sys_timestamp_get
                0x7e040acc                nwy_sys_timezone_set
                0x7e040adc                nwy_timestamp_to_date
                0x7e040aec                nwy_date_to_timestamp
                0x7e040afc                nwy_socket_errno
                0x7e040b0c                nwy_socket_open
                0x7e040b1c                nwy_socket_send
                0x7e040b2c                nwy_socket_recv
                0x7e040b3c                nwy_socket_sendto
                0x7e040b4c                nwy_socket_recvfrom
                0x7e040b5c                nwy_socket_setsockopt
                0x7e040b6c                nwy_socket_getsockopt
                0x7e040b7c                nwy_socket_gethost_by_name
                0x7e040b8c                nwy_socket_close
                0x7e040b9c                nwy_socket_shutdown
                0x7e040bac                nwy_socket_connect
                0x7e040bbc                nwy_socket_lport_bind
                0x7e040bcc                nwy_socket_bind
                0x7e040bdc                nwy_socket_listen
                0x7e040bec                nwy_socket_accept
                0x7e040bfc                nwy_socket_get_state
                0x7e040c0c                nwy_socket_select
                0x7e040c1c                nwy_socket_set_nonblock
                0x7e040c2c                nwy_socket_set_reuseaddr
                0x7e040c3c                nwy_socket_set_nodelay
                0x7e040c4c                nwy_socket_set_keepalive
                0x7e040c5c                nwy_socket_set_linger
                0x7e040c6c                nwy_socket_get_ack
                0x7e040c7c                nwy_socket_get_sent
                0x7e040c8c                nwy_socket_inet_ntop
                0x7e040c9c                nwy_socket_inet_pton
                0x7e040cac                nwy_socket_htons
                0x7e040cbc                nwy_socket_ntohs
                0x7e040ccc                nwy_socket_htonl
                0x7e040cdc                nwy_socket_ntohl
                0x7e040cec                nwy_usb_serial_send
                0x7e040cfc                nwy_usb_serial_reg_recv_cb
                0x7e040d0c                malloc
                0x7e040d1c                calloc
                0x7e040d2c                realloc
                0x7e040d3c                free
                0x7e040d4c                nwy_file_open
                0x7e040d5c                nwy_file_read
                0x7e040d6c                nwy_file_write
                0x7e040d7c                nwy_file_tell
                0x7e040d8c                nwy_file_seek
                0x7e040d9c                nwy_file_path_size
                0x7e040dac                nwy_file_fd_size
                0x7e040dbc                nwy_file_exist
                0x7e040dcc                nwy_file_remove
                0x7e040ddc                nwy_file_rename
                0x7e040dec                nwy_file_sync
                0x7e040dfc                nwy_file_fd_trunc
                0x7e040e0c                nwy_file_path_trunc
                0x7e040e1c                nwy_file_path_stat_get
                0x7e040e2c                nwy_file_fd_stat_get
                0x7e040e3c                nwy_file_close
                0x7e040e4c                nwy_dir_mk
                0x7e040e5c                nwy_dir_rm
                0x7e040e6c                nwy_dir_recursive_rm
                0x7e040e7c                nwy_dir_open
                0x7e040e8c                nwy_dir_close
                0x7e040e9c                nwy_dir_read
                0x7e040eac                nwy_dir_tell
                0x7e040ebc                nwy_dir_seek
                0x7e040ecc                nwy_dir_rewind
                0x7e040edc                nwy_vfs_free_size_get
                0x7e040eec                nwy_dm_dev_model_get
                0x7e040efc                nwy_dm_inner_version_get
                0x7e040f0c                nwy_dm_open_sdk_version_get
                0x7e040f1c                nwy_dm_hw_version_get
                0x7e040f2c                nwy_dm_rftemperature_get
                0x7e040f3c                nwy_dm_sn_get
                0x7e040f4c                nwy_dm_imei_get
                0x7e040f5c                nwy_dm_app_version_set
                0x7e040f6c                nwy_dm_imei_set
                0x7e040f7c                nwy_dm_heapinfo
                0x7e040f8c                nwy_dm_nvinfo_get
                0x7e040f9c                nwy_ftp_login
                0x7e040fac                nwy_ftp_logout
                0x7e040fbc                nwy_ftp_get
                0x7e040fcc                nwy_ftp_put
                0x7e040fdc                nwy_ftp_get_filesize
                0x7e040fec                nwy_ftp_del_file
                0x7e040ffc                nwy_http_setup
                0x7e04100c                nwy_http_get
                0x7e04101c                nwy_http_head
                0x7e04102c                nwy_http_post
                0x7e04103c                nwy_http_put
                0x7e04104c                nwy_http_open_mode
                0x7e04105c                nwy_http_close
                0x7e04106c                nwy_sntp_get_time
                0x7e04107c                nwy_sim_imsi_get
                0x7e04108c                nwy_sim_iccid_get
                0x7e04109c                nwy_sim_status_get
                0x7e0410ac                nwy_sim_pin_verify
                0x7e0410bc                nwy_sim_pin_unlock
                0x7e0410cc                nwy_sim_pin_mode_get
                0x7e0410dc                nwy_sim_pin_enable
                0x7e0410ec                nwy_sim_pin_disable
                0x7e0410fc                nwy_sim_pin_change
                0x7e04110c                nwy_sim_pin_times_get
                0x7e04111c                nwy_sim_msisdn_get
                0x7e04112c                nwy_sim_slot_set
                0x7e04113c                nwy_sim_slot_get
                0x7e04114c                nwy_sim_reset
                0x7e04115c                nwy_sim_power_set
                0x7e04116c                nwy_sim_detect_set
                0x7e04117c                nwy_sim_csim
                0x7e04118c                nwy_sim_urc_reg
                0x7e04119c                nwy_sim_urc_unreg
                0x7e0411ac                nwy_pm_ctrl
                0x7e0411bc                nwy_pm_state_set
                0x7e0411cc                nwy_bootup_alarm_set
                0x7e0411dc                nwy_bootup_alarm_del
                0x7e0411ec                nwy_power_state
                0x7e0411fc                nwy_pm_boot_res
                0x7e04120c                nwy_loc_navigation_start
                0x7e04121c                nwy_loc_navigation_stop
                0x7e04122c                nwy_loc_navigation_reset
                0x7e04123c                nwy_loc_recv_cb_reg
                0x7e04124c                nwy_loc_mode_set
                0x7e04125c                nwy_loc_startup_set
                0x7e04126c                nwy_loc_rate_set
                0x7e04127c                nwy_loc_cfg_nmea_type
                0x7e04128c                nwy_loc_nmea_get
                0x7e04129c                nwy_loc_nmea_parse
                0x7e0412ac                nwy_loc_agnss_start
                0x7e0412bc                nwy_loc_param_set
                0x7e0412cc                nwy_loc_param_get
                0x7e0412dc                nwy_data_reg_cb
                0x7e0412ec                nwy_data_unreg_cb
                0x7e0412fc                nwy_data_call_start
                0x7e04130c                nwy_data_call_stop
                0x7e04131c                nwy_data_profile_get
                0x7e04132c                nwy_data_profile_set
                0x7e04133c                nwy_data_auto_connect_set
                0x7e04134c                nwy_data_call_info_get
                0x7e04135c                nwy_data_flow_info_get
                0x7e04136c                nwy_data_eps_dyn_apn_get
                0x7e04137c                nwy_data_dhcp_get
                0x7e04138c                nwy_data_dhcp_set
                0x7e04139c                nwy_data_dns_info_get
                0x7e0413ac                nwy_data_get_capability
                0x7e0413bc                mbedtls_ssl_conf_max_version
                0x7e0413cc                mbedtls_ssl_conf_min_version
                0x7e0413dc                mbedtls_ssl_conf_authmode
                0x7e0413ec                mbedtls_ssl_conf_ca_chain
                0x7e0413fc                mbedtls_ssl_conf_own_cert
                0x7e04140c                mbedtls_ssl_conf_rng
                0x7e04141c                mbedtls_ssl_conf_dbg
                0x7e04142c                mbedtls_ssl_setup
                0x7e04143c                mbedtls_ssl_set_hostname
                0x7e04144c                mbedtls_ssl_set_bio
                0x7e04145c                mbedtls_ssl_handshake
                0x7e04146c                mbedtls_ssl_get_verify_result
                0x7e04147c                mbedtls_net_connect
                0x7e04148c                mbedtls_net_init
                0x7e04149c                mbedtls_net_bind
                0x7e0414ac                mbedtls_net_accept
                0x7e0414bc                mbedtls_net_poll
                0x7e0414cc                mbedtls_net_set_block
                0x7e0414dc                mbedtls_net_set_nonblock
                0x7e0414ec                mbedtls_net_usleep
                0x7e0414fc                mbedtls_net_recv
                0x7e04150c                mbedtls_net_send
                0x7e04151c                mbedtls_net_recv_timeout
                0x7e04152c                mbedtls_net_free
                0x7e04153c                mbedtls_pk_init
                0x7e04154c                mbedtls_pk_free
                0x7e04155c                mbedtls_ssl_init
                0x7e04156c                mbedtls_ssl_read
                0x7e04157c                mbedtls_ssl_write
                0x7e04158c                mbedtls_ssl_send_alert_message
                0x7e04159c                mbedtls_ssl_close_notify
                0x7e0415ac                mbedtls_ssl_free
                0x7e0415bc                mbedtls_ssl_config_init
                0x7e0415cc                mbedtls_ssl_config_defaults
                0x7e0415dc                mbedtls_ssl_config_free
                0x7e0415ec                mbedtls_ssl_session_init
                0x7e0415fc                mbedtls_ssl_session_free
                0x7e04160c                mbedtls_ssl_conf_read_timeout
                0x7e04161c                mbedtls_ssl_set_timer_cb
                0x7e04162c                mbedtls_platform_set_calloc_free
                0x7e04163c                mbedtls_x509_crt_parse_der
                0x7e04164c                mbedtls_x509_crt_parse
                0x7e04165c                mbedtls_x509_crt_info
                0x7e04166c                mbedtls_x509_crt_verify_info
                0x7e04167c                mbedtls_x509_crt_verify
                0x7e04168c                mbedtls_x509_crt_verify_with_profile
                0x7e04169c                mbedtls_x509_crt_verify_restartable
                0x7e0416ac                mbedtls_x509_crt_init
                0x7e0416bc                mbedtls_x509_crt_free
                0x7e0416cc                mbedtls_pk_parse_key
                0x7e0416dc                mbedtls_entropy_free
                0x7e0416ec                mbedtls_entropy_init
                0x7e0416fc                mbedtls_entropy_func
                0x7e04170c                mbedtls_ctr_drbg_random
                0x7e04171c                mbedtls_ctr_drbg_free
                0x7e04172c                mbedtls_ctr_drbg_seed
                0x7e04173c                mbedtls_ctr_drbg_init
                0x7e04174c                mbedtls_ssl_get_bytes_avail
                0x7e04175c                mbedtls_ssl_conf_ciphersuites
                0x7e04176c                mbedtls_sha1_init
                0x7e04177c                mbedtls_sha1_update
                0x7e04178c                mbedtls_sha1_finish
                0x7e04179c                mbedtls_base64_encode
                0x7e0417ac                mbedtls_ssl_session_reset
                0x7e0417bc                mbedtls_pk_get_type
                0x7e0417cc                mbedtls_ssl_conf_renegotiation
                0x7e0417dc                mbedtls_ssl_set_session
                0x7e0417ec                mbedtls_aes_init
                0x7e0417fc                mbedtls_aes_free
                0x7e04180c                mbedtls_aes_xts_init
                0x7e04181c                mbedtls_aes_xts_free
                0x7e04182c                mbedtls_aes_setkey_enc
                0x7e04183c                mbedtls_aes_setkey_dec
                0x7e04184c                mbedtls_aes_xts_setkey_enc
                0x7e04185c                mbedtls_aes_xts_setkey_dec
                0x7e04186c                mbedtls_aes_crypt_ecb
                0x7e04187c                mbedtls_aes_crypt_cbc
                0x7e04188c                mbedtls_aes_crypt_xts
                0x7e04189c                mbedtls_aes_crypt_cfb128
                0x7e0418ac                mbedtls_aes_crypt_cfb8
                0x7e0418bc                mbedtls_aes_crypt_ofb
                0x7e0418cc                mbedtls_aes_crypt_ctr
                0x7e0418dc                nwy_ssl_version_info_get
                0x7e0418ec                mbedtls_internal_aes_encrypt
                0x7e0418fc                mbedtls_internal_aes_decrypt
                0x7e04190c                psa_crypto_init
                0x7e04191c                nwy_usb_net_mode_set
                0x7e04192c                nwy_usb_net_mode_get
                0x7e04193c                nwy_i2c_init
                0x7e04194c                nwy_i2c_read
                0x7e04195c                nwy_i2c_write
                0x7e04196c                nwy_i2c_deinit
                0x7e04197c                nwy_i2c_raw_get_byte
                0x7e04198c                nwy_i2c_raw_put_byte
                0x7e04199c                nwy_spi_init
                0x7e0419ac                nwy_spi_cs_cfg
                0x7e0419bc                nwy_spi_transfer
                0x7e0419cc                nwy_spi_deinit
                0x7e0419dc                nwy_spi_read
                0x7e0419ec                nwy_spi_write
                0x7e0419fc                nwy_sms_option_init
                0x7e041a0c                nwy_sms_storage_set
                0x7e041a1c                nwy_sms_storage_get
                0x7e041a2c                nwy_sms_report_set
                0x7e041a3c                nwy_sms_sca_set
                0x7e041a4c                nwy_sms_sca_get
                0x7e041a5c                nwy_sms_msg_send
                0x7e041a6c                nwy_sms_recv_cb_reg
                0x7e041a7c                nwy_sms_recv_cb_unreg
                0x7e041a8c                nwy_sms_msg_del
                0x7e041a9c                nwy_sms_msg_read
                0x7e041aac                nwy_sms_msg_del_ext
                0x7e041abc                nwy_sms_msg_list_read
                0x7e041acc                nwy_nw_mode_get
                0x7e041adc                nwy_nw_mode_set
                0x7e041aec                nwy_nw_priband_get
                0x7e041afc                nwy_nw_priband_set
                0x7e041b0c                nwy_nw_ims_get
                0x7e041b1c                nwy_nw_ims_set
                0x7e041b2c                nwy_nw_radio_get
                0x7e041b3c                nwy_nw_radio_set
                0x7e041b4c                nwy_nw_config_get
                0x7e041b5c                nwy_nw_config_set
                0x7e041b6c                nwy_nw_operator_get
                0x7e041b7c                nwy_nw_csq_get
                0x7e041b8c                nwy_nw_signal_get
                0x7e041b9c                nwy_nw_regstatus_get
                0x7e041bac                nwy_nw_cellinfo_get
                0x7e041bbc                nwy_nw_lock_set
                0x7e041bcc                nwy_nw_lock_get
                0x7e041bdc                nwy_nw_manual_select
                0x7e041bec                nwy_nw_scan
                0x7e041bfc                nwy_nw_psm_get
                0x7e041c0c                nwy_nw_psm_set
                0x7e041c1c                nwy_nw_get_forbidden_plmn
                0x7e041c2c                nwy_nw_reg_cb
                0x7e041c3c                nwy_nw_unreg_cb
                0x7e041c4c                nwy_get_time_zone_switch
                0x7e041c5c                nwy_set_time_zone_switch
                0x7e041c6c                nwy_dm_nwcfg_get
                0x7e041c7c                nwy_dm_nwcfg_set
                0x7e041c8c                nwy_virt_at_parameter_init
                0x7e041c9c                nwy_virt_at_cmd_send
                0x7e041cac                nwy_virt_at_unsolicited_cb_reg
                0x7e041cbc                nwy_virt_at_get_original_rsp_cb
                0x7e041ccc                nwy_virt_at_forward_cb
                0x7e041cdc                nwy_virt_at_forward_send
                0x7e041cec                nwy_pm_vbat_voltage_get
                0x7e041cfc                nwy_ping_start
                0x7e041d0c                NetworkInit
                0x7e041d1c                NetworkConnect
                0x7e041d2c                NetworkDisconnect
                0x7e041d3c                MQTTClientInit
                0x7e041d4c                MQTTConnect
                0x7e041d5c                MQTTPublish
                0x7e041d6c                MQTTSetMessageHandler
                0x7e041d7c                MQTTSubscribe
                0x7e041d8c                MQTTUnsubscribe
                0x7e041d9c                MQTTDisconnect
                0x7e041dac                MQTTYield
                0x7e041dbc                MQTTIsConnected
                0x7e041dcc                nwy_gpio_direction_get
                0x7e041ddc                nwy_gpio_direction_set
                0x7e041dec                nwy_gpio_value_get
                0x7e041dfc                nwy_gpio_value_set
                0x7e041e0c                nwy_gpio_pull_get
                0x7e041e1c                nwy_gpio_pull_set
                0x7e041e2c                nwy_gpio_irq_register
                0x7e041e3c                nwy_gpio_irq_enable
                0x7e041e4c                nwy_gpio_irq_disable
                0x7e041e5c                nwy_gpio_irq_wakeup_enable
                0x7e041e6c                nwy_gpio_irq_wakeup_disable
                0x7e041e7c                nwy_gpio_close
                0x7e041e8c                nwy_uart_open
                0x7e041e9c                nwy_uart_read
                0x7e041eac                nwy_uart_write
                0x7e041ebc                nwy_uart_dcb_set
                0x7e041ecc                nwy_uart_dcb_get
                0x7e041edc                nwy_uart_close
                0x7e041eec                nwy_uart_rx_cb_register
                0x7e041efc                nwy_uart_tx_cb_register
                0x7e041f0c                nwy_uart_rx_frame_timeout_set
                0x7e041f1c                nwy_adc_get
                0x7e041f2c                nwy_dev_name_list_get
                0x7e041f3c                nwy_sat_set_on_off
                0x7e041f4c                nwy_sat_get_on_off
                0x7e041f5c                nwy_sat_terminal_response
                0x7e041f6c                nwy_sat_envelope_command
                0x7e041f7c                nwy_sat_set_profile
                0x7e041f8c                nwy_sat_get_profile
                0x7e041f9c                nwy_sat_recv_data
                0x7e041fac                nwy_fota_write
                0x7e041fbc                nwy_fota_update
                0x7e041fcc                nwy_fota_result_get
                0x7e041fdc                nwy_fota_base_ver_update
                0x7e041fec                nwy_vfs_logical_block_device_create
                0x7e041ffc                nwy_vfs_mount
                0x7e04200c                nwy_vfs_unmount
                0x7e04201c                nwy_vfs_mkfs
                0x7e04202c                nwy_dm_soc_model_get
 *(.text*)
 .text.nwy_test_cli_echo
                0x7e04203c       0x6c CMakeFiles/nwy_open_app.dir/nwy_test_demo/nwy_test_cli/comm/nwy_test_cli_utils.obj
                0x7e04203c                nwy_test_cli_echo
 .text.nwy_test_cli_main_func
                0x7e0420a8        0xc CMakeFiles/nwy_open_app.dir/nwy_test_demo/nwy_test_cli/comm/nwy_test_cli_adpt.obj
 .text.nwy_test_cli_dbg
                0x7e0420b4       0x54 CMakeFiles/nwy_open_app.dir/nwy_test_demo/nwy_test_cli/comm/nwy_test_cli_adpt.obj
                0x7e0420b4                nwy_test_cli_dbg
 .text.nwy_open_app_entry
                0x7e042108       0xd0 CMakeFiles/nwy_open_app.dir/nwy_test_demo/nwy_test_cli/comm/nwy_test_cli_adpt.obj
                0x7e042108                nwy_open_app_entry
 .text.UART_Debug_Send
                0x7e0421d8       0x10 CMakeFiles/nwy_open_app.dir/nwy_test_demo/odt_vts_application/Peripheral_Driver/driver.obj
                0x7e0421d8                UART_Debug_Send
 .text.RTC_Date_Time_Set
                0x7e0421e8        0x4 CMakeFiles/nwy_open_app.dir/nwy_test_demo/odt_vts_application/Peripheral_Driver/driver.obj
                0x7e0421e8                RTC_Date_Time_Set
 .text.RTC_Date_Time_Get
                0x7e0421ec       0x14 CMakeFiles/nwy_open_app.dir/nwy_test_demo/odt_vts_application/Peripheral_Driver/driver.obj
                0x7e0421ec                RTC_Date_Time_Get
 .text.Read_CP_ADC
                0x7e042200        0xa CMakeFiles/nwy_open_app.dir/nwy_test_demo/odt_vts_application/Peripheral_Driver/driver.obj
                0x7e042200                Read_CP_ADC
 .text.GPIO_Set_Output
                0x7e04220a       0x1e CMakeFiles/nwy_open_app.dir/nwy_test_demo/odt_vts_application/Peripheral_Driver/driver.obj
                0x7e04220a                GPIO_Set_Output
 .text.Get_Default_Config
                0x7e042228       0x70 CMakeFiles/nwy_open_app.dir/nwy_test_demo/odt_vts_application/Peripheral_Driver/driver.obj
                0x7e042228                Get_Default_Config
 .text.odt_vts_dbgPrintf
                0x7e042298       0x80 CMakeFiles/nwy_open_app.dir/nwy_test_demo/odt_vts_application/Peripheral_Driver/driver.obj
                0x7e042298                odt_vts_dbgPrintf
 .text.Init_Debug_UART
                0x7e042318       0x38 CMakeFiles/nwy_open_app.dir/nwy_test_demo/odt_vts_application/Peripheral_Driver/driver.obj
                0x7e042318                Init_Debug_UART
 .text.Init_Usr_Timer
                0x7e042350       0x60 CMakeFiles/nwy_open_app.dir/nwy_test_demo/odt_vts_application/Peripheral_Driver/driver.obj
                0x7e042350                Init_Usr_Timer
 .text.Init_Peripheral_Drivers
                0x7e0423b0        0xe CMakeFiles/nwy_open_app.dir/nwy_test_demo/odt_vts_application/Peripheral_Driver/driver.obj
                0x7e0423b0                Init_Peripheral_Drivers
 *fill*         0x7e0423be        0x2 
 .text.Usr_Timer_Callback
                0x7e0423c0       0x3c CMakeFiles/nwy_open_app.dir/nwy_test_demo/odt_vts_application/Peripheral_Driver/drv_callback.obj
                0x7e0423c0                Usr_Timer_Callback
 .text.nwy_sms_test_recv_cb
                0x7e0423fc       0x88 CMakeFiles/nwy_open_app.dir/nwy_test_demo/odt_vts_application/Peripheral_Driver/drv_callback.obj
                0x7e0423fc                nwy_sms_test_recv_cb
 .text.Set_profile
                0x7e042484       0xa0 CMakeFiles/nwy_open_app.dir/nwy_test_demo/odt_vts_application/NET_Application/Network.obj
 .text.GET_SIM_Status
                0x7e042524       0x4c CMakeFiles/nwy_open_app.dir/nwy_test_demo/odt_vts_application/NET_Application/Network.obj
                0x7e042524                GET_SIM_Status
 .text.Set_Network_Reg
                0x7e042570       0x5c CMakeFiles/nwy_open_app.dir/nwy_test_demo/odt_vts_application/NET_Application/Network.obj
                0x7e042570                Set_Network_Reg
 .text.Network_Polling
                0x7e0425cc      0x20c CMakeFiles/nwy_open_app.dir/nwy_test_demo/odt_vts_application/NET_Application/Network.obj
                0x7e0425cc                Network_Polling
 .text.Get_Cell_Info
                0x7e0427d8       0x40 CMakeFiles/nwy_open_app.dir/nwy_test_demo/odt_vts_application/VTS_Application/VTS_App.obj
 .text.Prepare_JsonFrame
                0x7e042818       0x28 CMakeFiles/nwy_open_app.dir/nwy_test_demo/odt_vts_application/VTS_Application/VTS_App.obj
 .text.Get_Battery_Volt
                0x7e042840       0x34 CMakeFiles/nwy_open_app.dir/nwy_test_demo/odt_vts_application/VTS_Application/VTS_App.obj
                0x7e042840                Get_Battery_Volt
 .text.Get_Location
                0x7e042874       0xa8 CMakeFiles/nwy_open_app.dir/nwy_test_demo/odt_vts_application/VTS_Application/VTS_App.obj
                0x7e042874                Get_Location
 .text.Prepare_http_frame
                0x7e04291c      0x170 CMakeFiles/nwy_open_app.dir/nwy_test_demo/odt_vts_application/VTS_Application/VTS_App.obj
                0x7e04291c                Prepare_http_frame
 .text.VTS_App_Polling
                0x7e042a8c      0x1ec CMakeFiles/nwy_open_app.dir/nwy_test_demo/odt_vts_application/VTS_Application/VTS_App.obj
                0x7e042a8c                VTS_App_Polling
 .text.HTTP_Setup
                0x7e042c78       0x68 CMakeFiles/nwy_open_app.dir/nwy_test_demo/odt_vts_application/HTTP_Server/http.obj
                0x7e042c78                HTTP_Setup
 .text.HTTP_Close
                0x7e042ce0        0xc CMakeFiles/nwy_open_app.dir/nwy_test_demo/odt_vts_application/HTTP_Server/http.obj
                0x7e042ce0                HTTP_Close
 .text.parse_datetime
                0x7e042cec       0x98 CMakeFiles/nwy_open_app.dir/nwy_test_demo/odt_vts_application/HTTP_Server/http.obj
                0x7e042cec                parse_datetime
 .text.HTTP_Event_CallBack
                0x7e042d84      0x218 CMakeFiles/nwy_open_app.dir/nwy_test_demo/odt_vts_application/HTTP_Server/http.obj
 .text.nwy_cli_ftp_fota_result_cb
                0x7e042f9c      0x298 CMakeFiles/nwy_open_app.dir/nwy_test_demo/odt_vts_application/OTA/ota.obj
 .text.Ota_init
                0x7e043234      0x118 CMakeFiles/nwy_open_app.dir/nwy_test_demo/odt_vts_application/OTA/ota.obj
                0x7e043234                Ota_init
 .text.Init_SMS
                0x7e04334c       0x2c CMakeFiles/nwy_open_app.dir/nwy_test_demo/odt_vts_application/SMS/sms.obj
                0x7e04334c                Init_SMS
 .text.SMS_Recv_Handler
                0x7e043378      0x350 CMakeFiles/nwy_open_app.dir/nwy_test_demo/odt_vts_application/SMS/sms.obj
                0x7e043378                SMS_Recv_Handler
 .text.Read_SMS
                0x7e0436c8       0x70 CMakeFiles/nwy_open_app.dir/nwy_test_demo/odt_vts_application/SMS/sms.obj
                0x7e0436c8                Read_SMS
 .text.Check_VTSflash
                0x7e043738       0x4c CMakeFiles/nwy_open_app.dir/nwy_test_demo/odt_vts_application/Flash/flash.obj
                0x7e043738                Check_VTSflash
 .text.Make_VTSflash_Dir
                0x7e043784       0x28 CMakeFiles/nwy_open_app.dir/nwy_test_demo/odt_vts_application/Flash/flash.obj
                0x7e043784                Make_VTSflash_Dir
 .text.Read_from_file
                0x7e0437ac       0xe4 CMakeFiles/nwy_open_app.dir/nwy_test_demo/odt_vts_application/Flash/flash.obj
                0x7e0437ac                Read_from_file
 .text.Flash_Read
                0x7e043890       0x1c CMakeFiles/nwy_open_app.dir/nwy_test_demo/odt_vts_application/Flash/flash.obj
                0x7e043890                Flash_Read
 .text.Write_to_File
                0x7e0438ac       0x8c CMakeFiles/nwy_open_app.dir/nwy_test_demo/odt_vts_application/Flash/flash.obj
                0x7e0438ac                Write_to_File
 .text.Flash_Write
                0x7e043938       0x4c CMakeFiles/nwy_open_app.dir/nwy_test_demo/odt_vts_application/Flash/flash.obj
                0x7e043938                Flash_Write
 .text.atoi     0x7e043984        0x8 ../tools/GNU_Arm_Toolchain/arm-none-eabi/lib/thumb/v7/nofp/libc.a(lib_a-atoi.o)
                0x7e043984                atoi
 .text          0x7e04398c       0xec ../tools/GNU_Arm_Toolchain/arm-none-eabi/lib/thumb/v7/nofp/libc.a(lib_a-memcpy.o)
                0x7e04398c                memcpy
 .text.memset   0x7e043a78       0xa4 ../tools/GNU_Arm_Toolchain/arm-none-eabi/lib/thumb/v7/nofp/libc.a(lib_a-memset.o)
                0x7e043a78                memset
 .text.snprintf
                0x7e043b1c       0x8c ../tools/GNU_Arm_Toolchain/arm-none-eabi/lib/thumb/v7/nofp/libc.a(lib_a-snprintf.o)
                0x7e043b1c                snprintf
 .text.sprintf  0x7e043ba8       0x44 ../tools/GNU_Arm_Toolchain/arm-none-eabi/lib/thumb/v7/nofp/libc.a(lib_a-sprintf.o)
                0x7e043ba8                sprintf
 .text.sscanf   0x7e043bec       0x5c ../tools/GNU_Arm_Toolchain/arm-none-eabi/lib/thumb/v7/nofp/libc.a(lib_a-sscanf.o)
                0x7e043bec                sscanf
 .text.__sread  0x7e043c48       0x24 ../tools/GNU_Arm_Toolchain/arm-none-eabi/lib/thumb/v7/nofp/libc.a(lib_a-stdio.o)
                0x7e043c48                __sread
 .text.__seofread
                0x7e043c6c        0x4 ../tools/GNU_Arm_Toolchain/arm-none-eabi/lib/thumb/v7/nofp/libc.a(lib_a-stdio.o)
                0x7e043c6c                __seofread
 .text.__swrite
                0x7e043c70       0x40 ../tools/GNU_Arm_Toolchain/arm-none-eabi/lib/thumb/v7/nofp/libc.a(lib_a-stdio.o)
                0x7e043c70                __swrite
 .text.__sseek  0x7e043cb0       0x20 ../tools/GNU_Arm_Toolchain/arm-none-eabi/lib/thumb/v7/nofp/libc.a(lib_a-stdio.o)
                0x7e043cb0                __sseek
 .text.__sclose
                0x7e043cd0        0x8 ../tools/GNU_Arm_Toolchain/arm-none-eabi/lib/thumb/v7/nofp/libc.a(lib_a-stdio.o)
                0x7e043cd0                __sclose
 .text.strcat   0x7e043cd8       0x40 ../tools/GNU_Arm_Toolchain/arm-none-eabi/lib/thumb/v7/nofp/libc.a(lib_a-strcat.o)
                0x7e043cd8                strcat
 .text.strchr   0x7e043d18       0xcc ../tools/GNU_Arm_Toolchain/arm-none-eabi/lib/thumb/v7/nofp/libc.a(lib_a-strchr.o)
                0x7e043d18                strchr
 .text          0x7e043de4      0x1bc ../tools/GNU_Arm_Toolchain/arm-none-eabi/lib/thumb/v7/nofp/libc.a(lib_a-strcmp.o)
                0x7e043de4                strcmp
 .text.strcpy   0x7e043fa0       0xbc ../tools/GNU_Arm_Toolchain/arm-none-eabi/lib/thumb/v7/nofp/libc.a(lib_a-strcpy.o)
                0x7e043fa0                strcpy
 .text.strlen   0x7e04405c       0x5c ../tools/GNU_Arm_Toolchain/arm-none-eabi/lib/thumb/v7/nofp/libc.a(lib_a-strlen-stub.o)
                0x7e04405c                strlen
 .text.strncmp  0x7e0440b8       0x78 ../tools/GNU_Arm_Toolchain/arm-none-eabi/lib/thumb/v7/nofp/libc.a(lib_a-strncmp.o)
                0x7e0440b8                strncmp
 .text.strncpy  0x7e044130       0x70 ../tools/GNU_Arm_Toolchain/arm-none-eabi/lib/thumb/v7/nofp/libc.a(lib_a-strncpy.o)
                0x7e044130                strncpy
 .text.two_way_long_needle
                0x7e0441a0      0x2bc ../tools/GNU_Arm_Toolchain/arm-none-eabi/lib/thumb/v7/nofp/libc.a(lib_a-strstr.o)
 .text.strstr   0x7e04445c      0x174 ../tools/GNU_Arm_Toolchain/arm-none-eabi/lib/thumb/v7/nofp/libc.a(lib_a-strstr.o)
                0x7e04445c                strstr
 .text._strtol_l.part.0
                0x7e0445d0      0x124 ../tools/GNU_Arm_Toolchain/arm-none-eabi/lib/thumb/v7/nofp/libc.a(lib_a-strtol.o)
 .text._strtol_r
                0x7e0446f4       0x2c ../tools/GNU_Arm_Toolchain/arm-none-eabi/lib/thumb/v7/nofp/libc.a(lib_a-strtol.o)
                0x7e0446f4                _strtol_r
 .text.strtol   0x7e044720       0x40 ../tools/GNU_Arm_Toolchain/arm-none-eabi/lib/thumb/v7/nofp/libc.a(lib_a-strtol.o)
                0x7e044720                strtol
 .text._svfprintf_r
                0x7e044760     0x1aac ../tools/GNU_Arm_Toolchain/arm-none-eabi/lib/thumb/v7/nofp/libc.a(lib_a-svfprintf.o)
                0x7e044760                _svfprintf_r
 .text.__ssvfscanf_r
                0x7e04620c     0x1724 ../tools/GNU_Arm_Toolchain/arm-none-eabi/lib/thumb/v7/nofp/libc.a(lib_a-svfscanf.o)
                0x7e04620c                __ssvfscanf_r
 .text.vsnprintf
                0x7e047930       0x78 ../tools/GNU_Arm_Toolchain/arm-none-eabi/lib/thumb/v7/nofp/libc.a(lib_a-vsnprintf.o)
                0x7e047930                vsnprintf
 .text._write_r
                0x7e0479a8       0x30 ../tools/GNU_Arm_Toolchain/arm-none-eabi/lib/thumb/v7/nofp/libc.a(lib_a-writer.o)
                0x7e0479a8                _write_r
 .text.__swsetup_r
                0x7e0479d8       0xd0 ../tools/GNU_Arm_Toolchain/arm-none-eabi/lib/thumb/v7/nofp/libc.a(lib_a-wsetup.o)
                0x7e0479d8                __swsetup_r
 .text._close_r
                0x7e047aa8       0x28 ../tools/GNU_Arm_Toolchain/arm-none-eabi/lib/thumb/v7/nofp/libc.a(lib_a-closer.o)
                0x7e047aa8                _close_r
 .text.quorem   0x7e047ad0      0x130 ../tools/GNU_Arm_Toolchain/arm-none-eabi/lib/thumb/v7/nofp/libc.a(lib_a-dtoa.o)
 .text._dtoa_r  0x7e047c00      0xf44 ../tools/GNU_Arm_Toolchain/arm-none-eabi/lib/thumb/v7/nofp/libc.a(lib_a-dtoa.o)
                0x7e047c00                _dtoa_r
 .text.__errno  0x7e048b44        0xc ../tools/GNU_Arm_Toolchain/arm-none-eabi/lib/thumb/v7/nofp/libc.a(lib_a-errno.o)
                0x7e048b44                __errno
 .text.__sflush_r
                0x7e048b50      0x148 ../tools/GNU_Arm_Toolchain/arm-none-eabi/lib/thumb/v7/nofp/libc.a(lib_a-fflush.o)
                0x7e048b50                __sflush_r
 .text._fflush_r
                0x7e048c98       0x5c ../tools/GNU_Arm_Toolchain/arm-none-eabi/lib/thumb/v7/nofp/libc.a(lib_a-fflush.o)
                0x7e048c98                _fflush_r
 .text._cleanup_r
                0x7e048cf4        0xc ../tools/GNU_Arm_Toolchain/arm-none-eabi/lib/thumb/v7/nofp/libc.a(lib_a-findfp.o)
                0x7e048cf4                _cleanup_r
 .text.__sinit  0x7e048d00      0x11c ../tools/GNU_Arm_Toolchain/arm-none-eabi/lib/thumb/v7/nofp/libc.a(lib_a-findfp.o)
                0x7e048d00                __sinit
 .text.__sfp_lock_acquire
                0x7e048e1c        0xc ../tools/GNU_Arm_Toolchain/arm-none-eabi/lib/thumb/v7/nofp/libc.a(lib_a-findfp.o)
                0x7e048e1c                __sfp_lock_acquire
 .text.__sfp_lock_release
                0x7e048e28        0xc ../tools/GNU_Arm_Toolchain/arm-none-eabi/lib/thumb/v7/nofp/libc.a(lib_a-findfp.o)
                0x7e048e28                __sfp_lock_release
 .text._malloc_trim_r
                0x7e048e34       0xac ../tools/GNU_Arm_Toolchain/arm-none-eabi/lib/thumb/v7/nofp/libc.a(lib_a-freer.o)
                0x7e048e34                _malloc_trim_r
 .text._free_r  0x7e048ee0      0x21c ../tools/GNU_Arm_Toolchain/arm-none-eabi/lib/thumb/v7/nofp/libc.a(lib_a-freer.o)
                0x7e048ee0                _free_r
 .text._fwalk_reent
                0x7e0490fc       0x40 ../tools/GNU_Arm_Toolchain/arm-none-eabi/lib/thumb/v7/nofp/libc.a(lib_a-fwalk.o)
                0x7e0490fc                _fwalk_reent
 .text.iswspace
                0x7e04913c        0x8 ../tools/GNU_Arm_Toolchain/arm-none-eabi/lib/thumb/v7/nofp/libc.a(lib_a-iswspace.o)
                0x7e04913c                iswspace
 .text.iswspace_l
                0x7e049144       0x14 ../tools/GNU_Arm_Toolchain/arm-none-eabi/lib/thumb/v7/nofp/libc.a(lib_a-iswspace_l.o)
                0x7e049144                iswspace_l
 .text.__locale_mb_cur_max
                0x7e049158       0x10 ../tools/GNU_Arm_Toolchain/arm-none-eabi/lib/thumb/v7/nofp/libc.a(lib_a-locale.o)
                0x7e049158                __locale_mb_cur_max
 .text._localeconv_r
                0x7e049168        0x8 ../tools/GNU_Arm_Toolchain/arm-none-eabi/lib/thumb/v7/nofp/libc.a(lib_a-localeconv.o)
                0x7e049168                _localeconv_r
 .text.__retarget_lock_init_recursive
                0x7e049170        0x4 ../tools/GNU_Arm_Toolchain/arm-none-eabi/lib/thumb/v7/nofp/libc.a(lib_a-lock.o)
                0x7e049170                __retarget_lock_init_recursive
 .text.__retarget_lock_close_recursive
                0x7e049174        0x4 ../tools/GNU_Arm_Toolchain/arm-none-eabi/lib/thumb/v7/nofp/libc.a(lib_a-lock.o)
                0x7e049174                __retarget_lock_close_recursive
 .text.__retarget_lock_acquire_recursive
                0x7e049178        0x4 ../tools/GNU_Arm_Toolchain/arm-none-eabi/lib/thumb/v7/nofp/libc.a(lib_a-lock.o)
                0x7e049178                __retarget_lock_acquire_recursive
 .text.__retarget_lock_release_recursive
                0x7e04917c        0x4 ../tools/GNU_Arm_Toolchain/arm-none-eabi/lib/thumb/v7/nofp/libc.a(lib_a-lock.o)
                0x7e04917c                __retarget_lock_release_recursive
 .text._lseek_r
                0x7e049180       0x30 ../tools/GNU_Arm_Toolchain/arm-none-eabi/lib/thumb/v7/nofp/libc.a(lib_a-lseekr.o)
                0x7e049180                _lseek_r
 .text.__smakebuf_r
                0x7e0491b0       0xe4 ../tools/GNU_Arm_Toolchain/arm-none-eabi/lib/thumb/v7/nofp/libc.a(lib_a-makebuf.o)
                0x7e0491b0                __smakebuf_r
 .text._malloc_r
                0x7e049294      0x558 ../tools/GNU_Arm_Toolchain/arm-none-eabi/lib/thumb/v7/nofp/libc.a(lib_a-mallocr.o)
                0x7e049294                _malloc_r
 .text._mbrtowc_r
                0x7e0497ec       0x48 ../tools/GNU_Arm_Toolchain/arm-none-eabi/lib/thumb/v7/nofp/libc.a(lib_a-mbrtowc.o)
                0x7e0497ec                _mbrtowc_r
 .text.__ascii_mbtowc
                0x7e049834       0x24 ../tools/GNU_Arm_Toolchain/arm-none-eabi/lib/thumb/v7/nofp/libc.a(lib_a-mbtowc_r.o)
                0x7e049834                __ascii_mbtowc
 .text.memchr   0x7e049858       0x90 ../tools/GNU_Arm_Toolchain/arm-none-eabi/lib/thumb/v7/nofp/libc.a(lib_a-memchr-stub.o)
                0x7e049858                memchr
 .text.memcmp   0x7e0498e8       0x64 ../tools/GNU_Arm_Toolchain/arm-none-eabi/lib/thumb/v7/nofp/libc.a(lib_a-memcmp.o)
                0x7e0498e8                memcmp
 .text.__malloc_lock
                0x7e04994c        0xc ../tools/GNU_Arm_Toolchain/arm-none-eabi/lib/thumb/v7/nofp/libc.a(lib_a-mlock.o)
                0x7e04994c                __malloc_lock
 .text.__malloc_unlock
                0x7e049958        0xc ../tools/GNU_Arm_Toolchain/arm-none-eabi/lib/thumb/v7/nofp/libc.a(lib_a-mlock.o)
                0x7e049958                __malloc_unlock
 .text._Balloc  0x7e049964       0x4c ../tools/GNU_Arm_Toolchain/arm-none-eabi/lib/thumb/v7/nofp/libc.a(lib_a-mprec.o)
                0x7e049964                _Balloc
 .text._Bfree   0x7e0499b0       0x14 ../tools/GNU_Arm_Toolchain/arm-none-eabi/lib/thumb/v7/nofp/libc.a(lib_a-mprec.o)
                0x7e0499b0                _Bfree
 .text.__multadd
                0x7e0499c4       0xa8 ../tools/GNU_Arm_Toolchain/arm-none-eabi/lib/thumb/v7/nofp/libc.a(lib_a-mprec.o)
                0x7e0499c4                __multadd
 .text.__s2b    0x7e049a6c       0xbc ../tools/GNU_Arm_Toolchain/arm-none-eabi/lib/thumb/v7/nofp/libc.a(lib_a-mprec.o)
                0x7e049a6c                __s2b
 .text.__hi0bits
                0x7e049b28       0x40 ../tools/GNU_Arm_Toolchain/arm-none-eabi/lib/thumb/v7/nofp/libc.a(lib_a-mprec.o)
                0x7e049b28                __hi0bits
 .text.__lo0bits
                0x7e049b68       0x54 ../tools/GNU_Arm_Toolchain/arm-none-eabi/lib/thumb/v7/nofp/libc.a(lib_a-mprec.o)
                0x7e049b68                __lo0bits
 .text.__i2b    0x7e049bbc       0x60 ../tools/GNU_Arm_Toolchain/arm-none-eabi/lib/thumb/v7/nofp/libc.a(lib_a-mprec.o)
                0x7e049bbc                __i2b
 .text.__multiply
                0x7e049c1c      0x170 ../tools/GNU_Arm_Toolchain/arm-none-eabi/lib/thumb/v7/nofp/libc.a(lib_a-mprec.o)
                0x7e049c1c                __multiply
 .text.__pow5mult
                0x7e049d8c       0xc4 ../tools/GNU_Arm_Toolchain/arm-none-eabi/lib/thumb/v7/nofp/libc.a(lib_a-mprec.o)
                0x7e049d8c                __pow5mult
 .text.__lshift
                0x7e049e50       0xec ../tools/GNU_Arm_Toolchain/arm-none-eabi/lib/thumb/v7/nofp/libc.a(lib_a-mprec.o)
                0x7e049e50                __lshift
 .text.__mcmp   0x7e049f3c       0x40 ../tools/GNU_Arm_Toolchain/arm-none-eabi/lib/thumb/v7/nofp/libc.a(lib_a-mprec.o)
                0x7e049f3c                __mcmp
 .text.__mdiff  0x7e049f7c      0x160 ../tools/GNU_Arm_Toolchain/arm-none-eabi/lib/thumb/v7/nofp/libc.a(lib_a-mprec.o)
                0x7e049f7c                __mdiff
 .text.__ulp    0x7e04a0dc       0x44 ../tools/GNU_Arm_Toolchain/arm-none-eabi/lib/thumb/v7/nofp/libc.a(lib_a-mprec.o)
                0x7e04a0dc                __ulp
 .text.__b2d    0x7e04a120       0xd8 ../tools/GNU_Arm_Toolchain/arm-none-eabi/lib/thumb/v7/nofp/libc.a(lib_a-mprec.o)
                0x7e04a120                __b2d
 .text.__d2b    0x7e04a1f8       0xc4 ../tools/GNU_Arm_Toolchain/arm-none-eabi/lib/thumb/v7/nofp/libc.a(lib_a-mprec.o)
                0x7e04a1f8                __d2b
 .text.__ratio  0x7e04a2bc       0x58 ../tools/GNU_Arm_Toolchain/arm-none-eabi/lib/thumb/v7/nofp/libc.a(lib_a-mprec.o)
                0x7e04a2bc                __ratio
 .text.__copybits
                0x7e04a314       0x5c ../tools/GNU_Arm_Toolchain/arm-none-eabi/lib/thumb/v7/nofp/libc.a(lib_a-mprec.o)
                0x7e04a314                __copybits
 .text.__any_on
                0x7e04a370       0x48 ../tools/GNU_Arm_Toolchain/arm-none-eabi/lib/thumb/v7/nofp/libc.a(lib_a-mprec.o)
                0x7e04a370                __any_on
 .text._read_r  0x7e04a3b8       0x30 ../tools/GNU_Arm_Toolchain/arm-none-eabi/lib/thumb/v7/nofp/libc.a(lib_a-readr.o)
                0x7e04a3b8                _read_r
 .text.frexp    0x7e04a3e8       0x70 ../tools/GNU_Arm_Toolchain/arm-none-eabi/lib/thumb/v7/nofp/libc.a(lib_a-s_frexp.o)
                0x7e04a3e8                frexp
 .text._sbrk_r  0x7e04a458       0x28 ../tools/GNU_Arm_Toolchain/arm-none-eabi/lib/thumb/v7/nofp/libc.a(lib_a-sbrkr.o)
                0x7e04a458                _sbrk_r
 .text.__sccl   0x7e04a480       0x98 ../tools/GNU_Arm_Toolchain/arm-none-eabi/lib/thumb/v7/nofp/libc.a(lib_a-sccl.o)
                0x7e04a480                __sccl
 .text.nanf     0x7e04a518        0x8 ../tools/GNU_Arm_Toolchain/arm-none-eabi/lib/thumb/v7/nofp/libc.a(lib_a-sf_nan.o)
                0x7e04a518                nanf
 .text.strnlen  0x7e04a520       0x24 ../tools/GNU_Arm_Toolchain/arm-none-eabi/lib/thumb/v7/nofp/libc.a(lib_a-strnlen.o)
                0x7e04a520                strnlen
 *fill*         0x7e04a544        0x4 
 .text._strtod_l
                0x7e04a548      0xefc ../tools/GNU_Arm_Toolchain/arm-none-eabi/lib/thumb/v7/nofp/libc.a(lib_a-strtod.o)
                0x7e04a548                _strtod_l
 .text._strtod_r
                0x7e04b444        0xc ../tools/GNU_Arm_Toolchain/arm-none-eabi/lib/thumb/v7/nofp/libc.a(lib_a-strtod.o)
                0x7e04b444                _strtod_r
 .text._strtoll_l.constprop.0
                0x7e04b450      0x15c ../tools/GNU_Arm_Toolchain/arm-none-eabi/lib/thumb/v7/nofp/libc.a(lib_a-strtoll.o)
 .text._strtoll_r
                0x7e04b5ac        0x4 ../tools/GNU_Arm_Toolchain/arm-none-eabi/lib/thumb/v7/nofp/libc.a(lib_a-strtoll.o)
                0x7e04b5ac                _strtoll_r
 .text._strtoul_l.constprop.0
                0x7e04b5b0      0x13c ../tools/GNU_Arm_Toolchain/arm-none-eabi/lib/thumb/v7/nofp/libc.a(lib_a-strtoul.o)
 .text._strtoul_r
                0x7e04b6ec        0x4 ../tools/GNU_Arm_Toolchain/arm-none-eabi/lib/thumb/v7/nofp/libc.a(lib_a-strtoul.o)
                0x7e04b6ec                _strtoul_r
 .text._strtoull_l.constprop.0
                0x7e04b6f0      0x188 ../tools/GNU_Arm_Toolchain/arm-none-eabi/lib/thumb/v7/nofp/libc.a(lib_a-strtoull.o)
 .text._strtoull_r
                0x7e04b878        0x4 ../tools/GNU_Arm_Toolchain/arm-none-eabi/lib/thumb/v7/nofp/libc.a(lib_a-strtoull.o)
                0x7e04b878                _strtoull_r
 .text.__ssprint_r
                0x7e04b87c      0x100 ../tools/GNU_Arm_Toolchain/arm-none-eabi/lib/thumb/v7/nofp/libc.a(lib_a-svfiprintf.o)
                0x7e04b87c                __ssprint_r
 .text._sungetc_r
                0x7e04b97c       0x80 ../tools/GNU_Arm_Toolchain/arm-none-eabi/lib/thumb/v7/nofp/libc.a(lib_a-svfiscanf.o)
                0x7e04b97c                _sungetc_r
 .text.__ssrefill_r
                0x7e04b9fc       0x3c ../tools/GNU_Arm_Toolchain/arm-none-eabi/lib/thumb/v7/nofp/libc.a(lib_a-svfiscanf.o)
                0x7e04b9fc                __ssrefill_r
 .text._sfread_r
                0x7e04ba38       0xb8 ../tools/GNU_Arm_Toolchain/arm-none-eabi/lib/thumb/v7/nofp/libc.a(lib_a-svfiscanf.o)
                0x7e04ba38                _sfread_r
 .text.__submore
                0x7e04baf0       0x78 ../tools/GNU_Arm_Toolchain/arm-none-eabi/lib/thumb/v7/nofp/libc.a(lib_a-ungetc.o)
                0x7e04baf0                __submore
 .text.__sprint_r.part.0
                0x7e04bb68       0x74 ../tools/GNU_Arm_Toolchain/arm-none-eabi/lib/thumb/v7/nofp/libc.a(lib_a-vfiprintf.o)
 .text._vfiprintf_r
                0x7e04bbdc      0xd68 ../tools/GNU_Arm_Toolchain/arm-none-eabi/lib/thumb/v7/nofp/libc.a(lib_a-vfiprintf.o)
                0x7e04bbdc                _vfiprintf_r
 .text.__sbprintf
                0x7e04c944       0x80 ../tools/GNU_Arm_Toolchain/arm-none-eabi/lib/thumb/v7/nofp/libc.a(lib_a-vfiprintf.o)
 .text.__ascii_wctomb
                0x7e04c9c4       0x1c ../tools/GNU_Arm_Toolchain/arm-none-eabi/lib/thumb/v7/nofp/libc.a(lib_a-wctomb_r.o)
                0x7e04c9c4                __ascii_wctomb
 .text.__assert_func
                0x7e04c9e0       0x44 ../tools/GNU_Arm_Toolchain/arm-none-eabi/lib/thumb/v7/nofp/libc.a(lib_a-assert.o)
                0x7e04c9e0                __assert_func
 .text._calloc_r
                0x7e04ca24       0x64 ../tools/GNU_Arm_Toolchain/arm-none-eabi/lib/thumb/v7/nofp/libc.a(lib_a-callocr.o)
                0x7e04ca24                _calloc_r
 .text._fclose_r
                0x7e04ca88       0xcc ../tools/GNU_Arm_Toolchain/arm-none-eabi/lib/thumb/v7/nofp/libc.a(lib_a-fclose.o)
                0x7e04ca88                _fclose_r
 .text.fiprintf
                0x7e04cb54       0x2c ../tools/GNU_Arm_Toolchain/arm-none-eabi/lib/thumb/v7/nofp/libc.a(lib_a-fiprintf.o)
                0x7e04cb54                fiprintf
 .text.__fputwc
                0x7e04cb80       0xb4 ../tools/GNU_Arm_Toolchain/arm-none-eabi/lib/thumb/v7/nofp/libc.a(lib_a-fputwc.o)
                0x7e04cb80                __fputwc
 .text._fputwc_r
                0x7e04cc34       0x6c ../tools/GNU_Arm_Toolchain/arm-none-eabi/lib/thumb/v7/nofp/libc.a(lib_a-fputwc.o)
                0x7e04cc34                _fputwc_r
 .text._fstat_r
                0x7e04cca0       0x2c ../tools/GNU_Arm_Toolchain/arm-none-eabi/lib/thumb/v7/nofp/libc.a(lib_a-fstatr.o)
                0x7e04cca0                _fstat_r
 .text.__sfvwrite_r
                0x7e04cccc      0x2f4 ../tools/GNU_Arm_Toolchain/arm-none-eabi/lib/thumb/v7/nofp/libc.a(lib_a-fvwrite.o)
                0x7e04cccc                __sfvwrite_r
 .text.rshift   0x7e04cfc0       0xa8 ../tools/GNU_Arm_Toolchain/arm-none-eabi/lib/thumb/v7/nofp/libc.a(lib_a-gdtoa-gethex.o)
 .text.__gethex
                0x7e04d068      0x5e4 ../tools/GNU_Arm_Toolchain/arm-none-eabi/lib/thumb/v7/nofp/libc.a(lib_a-gdtoa-gethex.o)
                0x7e04d068                __gethex
 .text.__match  0x7e04d64c       0x34 ../tools/GNU_Arm_Toolchain/arm-none-eabi/lib/thumb/v7/nofp/libc.a(lib_a-gdtoa-hexnan.o)
                0x7e04d64c                __match
 .text.__hexnan
                0x7e04d680      0x1d0 ../tools/GNU_Arm_Toolchain/arm-none-eabi/lib/thumb/v7/nofp/libc.a(lib_a-gdtoa-hexnan.o)
                0x7e04d680                __hexnan
 .text._isatty_r
                0x7e04d850       0x28 ../tools/GNU_Arm_Toolchain/arm-none-eabi/lib/thumb/v7/nofp/libc.a(lib_a-isattyr.o)
                0x7e04d850                _isatty_r
 .text.memmove  0x7e04d878       0xf8 ../tools/GNU_Arm_Toolchain/arm-none-eabi/lib/thumb/v7/nofp/libc.a(lib_a-memmove.o)
                0x7e04d878                memmove
 .text._realloc_r
                0x7e04d970      0x40c ../tools/GNU_Arm_Toolchain/arm-none-eabi/lib/thumb/v7/nofp/libc.a(lib_a-reallocr.o)
                0x7e04d970                _realloc_r
 .text.nan      0x7e04dd7c        0xc ../tools/GNU_Arm_Toolchain/arm-none-eabi/lib/thumb/v7/nofp/libc.a(lib_a-s_nan.o)
                0x7e04dd7c                nan
 .text.__swbuf_r
                0x7e04dd88       0xb0 ../tools/GNU_Arm_Toolchain/arm-none-eabi/lib/thumb/v7/nofp/libc.a(lib_a-wbuf.o)
                0x7e04dd88                __swbuf_r
 .text._wcrtomb_r
                0x7e04de38       0x3c ../tools/GNU_Arm_Toolchain/arm-none-eabi/lib/thumb/v7/nofp/libc.a(lib_a-wcrtomb.o)
                0x7e04de38                _wcrtomb_r
 .text.abort    0x7e04de74       0x10 ../tools/GNU_Arm_Toolchain/arm-none-eabi/lib/thumb/v7/nofp/libc.a(lib_a-abort.o)
                0x7e04de74                abort
 .text.raise    0x7e04de84       0x5c ../tools/GNU_Arm_Toolchain/arm-none-eabi/lib/thumb/v7/nofp/libc.a(lib_a-signal.o)
                0x7e04de84                raise
 .text._kill_r  0x7e04dee0       0x2c ../tools/GNU_Arm_Toolchain/arm-none-eabi/lib/thumb/v7/nofp/libc.a(lib_a-signalr.o)
                0x7e04dee0                _kill_r
 .text._getpid_r
                0x7e04df0c        0x4 ../tools/GNU_Arm_Toolchain/arm-none-eabi/lib/thumb/v7/nofp/libc.a(lib_a-signalr.o)
                0x7e04df0c                _getpid_r
 .text._close   0x7e04df10       0x14 ../tools/GNU_Arm_Toolchain/arm-none-eabi/lib/thumb/v7/nofp/libnosys.a(close.o)
                0x7e04df10                _close
 .text._fstat   0x7e04df24       0x14 ../tools/GNU_Arm_Toolchain/arm-none-eabi/lib/thumb/v7/nofp/libnosys.a(fstat.o)
                0x7e04df24                _fstat
 .text._getpid  0x7e04df38       0x14 ../tools/GNU_Arm_Toolchain/arm-none-eabi/lib/thumb/v7/nofp/libnosys.a(getpid.o)
                0x7e04df38                _getpid
 .text._isatty  0x7e04df4c       0x10 ../tools/GNU_Arm_Toolchain/arm-none-eabi/lib/thumb/v7/nofp/libnosys.a(isatty.o)
                0x7e04df4c                _isatty
 .text._kill    0x7e04df5c       0x14 ../tools/GNU_Arm_Toolchain/arm-none-eabi/lib/thumb/v7/nofp/libnosys.a(kill.o)
                0x7e04df5c                _kill
 .text._lseek   0x7e04df70       0x14 ../tools/GNU_Arm_Toolchain/arm-none-eabi/lib/thumb/v7/nofp/libnosys.a(lseek.o)
                0x7e04df70                _lseek
 .text._read    0x7e04df84       0x14 ../tools/GNU_Arm_Toolchain/arm-none-eabi/lib/thumb/v7/nofp/libnosys.a(read.o)
                0x7e04df84                _read
 .text._sbrk    0x7e04df98       0x20 ../tools/GNU_Arm_Toolchain/arm-none-eabi/lib/thumb/v7/nofp/libnosys.a(sbrk.o)
                0x7e04df98                _sbrk
 .text._write   0x7e04dfb8       0x14 ../tools/GNU_Arm_Toolchain/arm-none-eabi/lib/thumb/v7/nofp/libnosys.a(write.o)
                0x7e04dfb8                _write
 .text._exit    0x7e04dfcc        0x4 ../tools/GNU_Arm_Toolchain/arm-none-eabi/lib/thumb/v7/nofp/libnosys.a(_exit.o)
                0x7e04dfcc                _exit
 .text          0x7e04dfd0      0x278 ../tools/GNU_Arm_Toolchain/lib/gcc/arm-none-eabi/10.3.1/thumb/v7/nofp/libgcc.a(_udivsi3.o)
                0x7e04dfd0                __aeabi_uidiv
                0x7e04dfd0                __udivsi3
                0x7e04e22c                __aeabi_uidivmod
 .text          0x7e04e248      0x2b0 ../tools/GNU_Arm_Toolchain/lib/gcc/arm-none-eabi/10.3.1/thumb/v7/nofp/libgcc.a(_divsi3.o)
                0x7e04e248                __divsi3
                0x7e04e248                __aeabi_idiv
                0x7e04e4dc                __aeabi_idivmod
 .text          0x7e04e4f8        0x4 ../tools/GNU_Arm_Toolchain/lib/gcc/arm-none-eabi/10.3.1/thumb/v7/nofp/libgcc.a(_dvmd_tls.o)
                0x7e04e4f8                __aeabi_idiv0
                0x7e04e4f8                __aeabi_ldiv0
 .text          0x7e04e4fc      0x378 ../tools/GNU_Arm_Toolchain/lib/gcc/arm-none-eabi/10.3.1/thumb/v7/nofp/libgcc.a(_arm_addsubdf3.o)
                0x7e04e4fc                __aeabi_drsub
                0x7e04e504                __aeabi_dsub
                0x7e04e504                __subdf3
                0x7e04e508                __aeabi_dadd
                0x7e04e508                __adddf3
                0x7e04e780                __floatunsidf
                0x7e04e780                __aeabi_ui2d
                0x7e04e7a0                __floatsidf
                0x7e04e7a0                __aeabi_i2d
                0x7e04e7c4                __aeabi_f2d
                0x7e04e7c4                __extendsfdf2
                0x7e04e808                __floatundidf
                0x7e04e808                __aeabi_ul2d
                0x7e04e818                __floatdidf
                0x7e04e818                __aeabi_l2d
 .text          0x7e04e874      0x424 ../tools/GNU_Arm_Toolchain/lib/gcc/arm-none-eabi/10.3.1/thumb/v7/nofp/libgcc.a(_arm_muldivdf3.o)
                0x7e04e874                __aeabi_dmul
                0x7e04e874                __muldf3
                0x7e04eac8                __divdf3
                0x7e04eac8                __aeabi_ddiv
 .text          0x7e04ec98      0x110 ../tools/GNU_Arm_Toolchain/lib/gcc/arm-none-eabi/10.3.1/thumb/v7/nofp/libgcc.a(_arm_cmpdf2.o)
                0x7e04ec98                __gtdf2
                0x7e04ec98                __gedf2
                0x7e04eca0                __ltdf2
                0x7e04eca0                __ledf2
                0x7e04eca8                __nedf2
                0x7e04eca8                __eqdf2
                0x7e04eca8                __cmpdf2
                0x7e04ed24                __aeabi_cdrcmple
                0x7e04ed34                __aeabi_cdcmpeq
                0x7e04ed34                __aeabi_cdcmple
                0x7e04ed44                __aeabi_dcmpeq
                0x7e04ed58                __aeabi_dcmplt
                0x7e04ed6c                __aeabi_dcmple
                0x7e04ed80                __aeabi_dcmpge
                0x7e04ed94                __aeabi_dcmpgt
 .text          0x7e04eda8       0x2c ../tools/GNU_Arm_Toolchain/lib/gcc/arm-none-eabi/10.3.1/thumb/v7/nofp/libgcc.a(_arm_unorddf2.o)
                0x7e04eda8                __unorddf2
                0x7e04eda8                __aeabi_dcmpun
 .text          0x7e04edd4       0x50 ../tools/GNU_Arm_Toolchain/lib/gcc/arm-none-eabi/10.3.1/thumb/v7/nofp/libgcc.a(_arm_fixdfsi.o)
                0x7e04edd4                __aeabi_d2iz
                0x7e04edd4                __fixdfsi
 .text          0x7e04ee24       0x40 ../tools/GNU_Arm_Toolchain/lib/gcc/arm-none-eabi/10.3.1/thumb/v7/nofp/libgcc.a(_arm_fixunsdfsi.o)
                0x7e04ee24                __aeabi_d2uiz
                0x7e04ee24                __fixunsdfsi
 .text          0x7e04ee64       0xa0 ../tools/GNU_Arm_Toolchain/lib/gcc/arm-none-eabi/10.3.1/thumb/v7/nofp/libgcc.a(_arm_truncdfsf2.o)
                0x7e04ee64                __truncdfsf2
                0x7e04ee64                __aeabi_d2f
 .text          0x7e04ef04      0x21c ../tools/GNU_Arm_Toolchain/lib/gcc/arm-none-eabi/10.3.1/thumb/v7/nofp/libgcc.a(_arm_addsubsf3.o)
                0x7e04ef04                __aeabi_frsub
                0x7e04ef0c                __subsf3
                0x7e04ef0c                __aeabi_fsub
                0x7e04ef10                __aeabi_fadd
                0x7e04ef10                __addsf3
                0x7e04f070                __aeabi_ui2f
                0x7e04f070                __floatunsisf
                0x7e04f078                __aeabi_i2f
                0x7e04f078                __floatsisf
                0x7e04f094                __aeabi_ul2f
                0x7e04f094                __floatundisf
                0x7e04f0a4                __aeabi_l2f
                0x7e04f0a4                __floatdisf
 .text          0x7e04f120       0xec ../tools/GNU_Arm_Toolchain/lib/gcc/arm-none-eabi/10.3.1/thumb/v7/nofp/libgcc.a(_arm_cmpsf2.o)
                0x7e04f120                __gesf2
                0x7e04f120                __gtsf2
                0x7e04f128                __lesf2
                0x7e04f128                __ltsf2
                0x7e04f130                __nesf2
                0x7e04f130                __eqsf2
                0x7e04f130                __cmpsf2
                0x7e04f190                __aeabi_cfrcmple
                0x7e04f198                __aeabi_cfcmpeq
                0x7e04f198                __aeabi_cfcmple
                0x7e04f1a8                __aeabi_fcmpeq
                0x7e04f1bc                __aeabi_fcmplt
                0x7e04f1d0                __aeabi_fcmple
                0x7e04f1e4                __aeabi_fcmpge
                0x7e04f1f8                __aeabi_fcmpgt
 .text          0x7e04f20c       0x30 ../tools/GNU_Arm_Toolchain/lib/gcc/arm-none-eabi/10.3.1/thumb/v7/nofp/libgcc.a(_aeabi_uldivmod.o)
                0x7e04f20c                __aeabi_uldivmod
 .text          0x7e04f23c       0x34 ../tools/GNU_Arm_Toolchain/lib/gcc/arm-none-eabi/10.3.1/thumb/v7/nofp/libgcc.a(_fixdfdi.o)
                0x7e04f23c                __fixdfdi
                0x7e04f23c                __aeabi_d2lz
 .text          0x7e04f270       0x3c ../tools/GNU_Arm_Toolchain/lib/gcc/arm-none-eabi/10.3.1/thumb/v7/nofp/libgcc.a(_fixunsdfdi.o)
                0x7e04f270                __fixunsdfdi
                0x7e04f270                __aeabi_d2ulz
 .text          0x7e04f2ac      0x108 ../tools/GNU_Arm_Toolchain/lib/gcc/arm-none-eabi/10.3.1/thumb/v7/nofp/libgcc.a(_udivmoddi4.o)
                0x7e04f2ac                __udivmoddi4

.glue_7         0x7e04f3b4        0x0
 .glue_7        0x7e04f3b4        0x0 linker stubs

.glue_7t        0x7e04f3b4        0x0
 .glue_7t       0x7e04f3b4        0x0 linker stubs

.vfp11_veneer   0x7e04f3b4        0x0
 .vfp11_veneer  0x7e04f3b4        0x0 linker stubs

.v4_bx          0x7e04f3b4        0x0
 .v4_bx         0x7e04f3b4        0x0 linker stubs

.iplt           0x7e04f3b4        0x0
 .iplt          0x7e04f3b4        0x0 CMakeFiles/nwy_open_app.dir/nwy_test_demo/nwy_test_cli/comm/nwy_test_cli_utils.obj

i.nwy_open_app_env_init
                0x7e04f3b4       0x1c
 i.nwy_open_app_env_init
                0x7e04f3b4       0x1c ../build/nwy_open_stub.a(nwy_open_stub.o)

i.nwy_strncmp   0x7e04f3d0       0x2c
 i.nwy_strncmp  0x7e04f3d0       0x2c ../build/nwy_open_stub.a(nwy_open_stub.o)

i.nwy_open_app_sdk_load
                0x7e04f3fc       0x7c
 i.nwy_open_app_sdk_load
                0x7e04f3fc       0x7c ../build/nwy_open_stub.a(nwy_open_stub.o)

i.__nwy_open_app_entry
                0x7e04f478       0x1e
 i.__nwy_open_app_entry
                0x7e04f478       0x1e ../build/nwy_open_stub.a(nwy_open_stub.o)

.rodata         0x7e04f498     0x19bc
 *(.rodata*)
 .rodata.nwy_test_cli_dbg.str1.1
                0x7e04f498       0x10 CMakeFiles/nwy_open_app.dir/nwy_test_demo/nwy_test_cli/comm/nwy_test_cli_adpt.obj
 .rodata.nwy_open_app_entry.str1.1
                0x7e04f4a8       0xc0 CMakeFiles/nwy_open_app.dir/nwy_test_demo/nwy_test_cli/comm/nwy_test_cli_adpt.obj
 .rodata.APP_VERSION
                0x7e04f568       0x41 CMakeFiles/nwy_open_app.dir/nwy_test_demo/nwy_test_cli/comm/nwy_test_cli_adpt.obj
 .rodata.__func__.2
                0x7e04f5a9       0x13 CMakeFiles/nwy_open_app.dir/nwy_test_demo/nwy_test_cli/comm/nwy_test_cli_adpt.obj
 .rodata.Get_Default_Config.str1.1
                0x7e04f5bc       0x67 CMakeFiles/nwy_open_app.dir/nwy_test_demo/odt_vts_application/Peripheral_Driver/driver.obj
 .rodata.odt_vts_dbgPrintf.str1.1
                0x7e04f623       0x20 CMakeFiles/nwy_open_app.dir/nwy_test_demo/odt_vts_application/Peripheral_Driver/driver.obj
                                 0x23 (size before relaxing)
 .rodata.Init_Debug_UART.str1.1
                0x7e04f643       0x34 CMakeFiles/nwy_open_app.dir/nwy_test_demo/odt_vts_application/Peripheral_Driver/driver.obj
 .rodata.Init_Usr_Timer.str1.1
                0x7e04f677       0x39 CMakeFiles/nwy_open_app.dir/nwy_test_demo/odt_vts_application/Peripheral_Driver/driver.obj
 .rodata.str1.1
                0x7e04f6b0        0xf CMakeFiles/nwy_open_app.dir/nwy_test_demo/odt_vts_application/Peripheral_Driver/driver.obj
 .rodata.nwy_sms_test_recv_cb.str1.1
                0x7e04f6bf       0xbd CMakeFiles/nwy_open_app.dir/nwy_test_demo/odt_vts_application/Peripheral_Driver/drv_callback.obj
 .rodata.Set_profile.str1.1
                0x7e04f77c       0x64 CMakeFiles/nwy_open_app.dir/nwy_test_demo/odt_vts_application/NET_Application/Network.obj
 .rodata.GET_SIM_Status.str1.1
                0x7e04f7e0       0x44 CMakeFiles/nwy_open_app.dir/nwy_test_demo/odt_vts_application/NET_Application/Network.obj
 .rodata.Set_Network_Reg.str1.1
                0x7e04f824       0x72 CMakeFiles/nwy_open_app.dir/nwy_test_demo/odt_vts_application/NET_Application/Network.obj
 .rodata.Network_Polling.str1.1
                0x7e04f896      0x152 CMakeFiles/nwy_open_app.dir/nwy_test_demo/odt_vts_application/NET_Application/Network.obj
 .rodata.Get_Location.str1.1
                0x7e04f9e8       0x1e CMakeFiles/nwy_open_app.dir/nwy_test_demo/odt_vts_application/VTS_Application/VTS_App.obj
 .rodata.Prepare_http_frame.str1.1
                0x7e04fa06      0x212 CMakeFiles/nwy_open_app.dir/nwy_test_demo/odt_vts_application/VTS_Application/VTS_App.obj
 .rodata.VTS_App_Polling.str1.1
                0x7e04fc18       0xc6 CMakeFiles/nwy_open_app.dir/nwy_test_demo/odt_vts_application/VTS_Application/VTS_App.obj
 .rodata.HTTP_Setup.str1.1
                0x7e04fcde       0x47 CMakeFiles/nwy_open_app.dir/nwy_test_demo/odt_vts_application/HTTP_Server/http.obj
 .rodata.HTTP_Event_CallBack.str1.1
                0x7e04fd25      0x185 CMakeFiles/nwy_open_app.dir/nwy_test_demo/odt_vts_application/HTTP_Server/http.obj
 .rodata.nwy_cli_ftp_fota_result_cb.str1.1
                0x7e04feaa      0x343 CMakeFiles/nwy_open_app.dir/nwy_test_demo/odt_vts_application/OTA/ota.obj
 .rodata.Ota_init.str1.1
                0x7e0501ed       0xb4 CMakeFiles/nwy_open_app.dir/nwy_test_demo/odt_vts_application/OTA/ota.obj
 .rodata.Init_SMS.str1.1
                0x7e0502a1       0x31 CMakeFiles/nwy_open_app.dir/nwy_test_demo/odt_vts_application/SMS/sms.obj
 .rodata.SMS_Recv_Handler.str1.1
                0x7e0502d2      0x2c2 CMakeFiles/nwy_open_app.dir/nwy_test_demo/odt_vts_application/SMS/sms.obj
                                0x2d4 (size before relaxing)
 .rodata.Read_SMS.str1.1
                0x7e050594       0x6b CMakeFiles/nwy_open_app.dir/nwy_test_demo/odt_vts_application/SMS/sms.obj
 .rodata.str1.1
                0x7e0505ff       0x87 CMakeFiles/nwy_open_app.dir/nwy_test_demo/odt_vts_application/SMS/sms.obj
 .rodata.Check_VTSflash.str1.1
                0x7e050686        0x9 CMakeFiles/nwy_open_app.dir/nwy_test_demo/odt_vts_application/Flash/flash.obj
                                  0xb (size before relaxing)
 .rodata.Make_VTSflash_Dir.str1.1
                0x7e05068f       0x28 CMakeFiles/nwy_open_app.dir/nwy_test_demo/odt_vts_application/Flash/flash.obj
 .rodata.Read_from_file.str1.1
                0x7e0506b7       0xe3 CMakeFiles/nwy_open_app.dir/nwy_test_demo/odt_vts_application/Flash/flash.obj
 .rodata.Write_to_File.str1.1
                0x7e05079a       0x66 CMakeFiles/nwy_open_app.dir/nwy_test_demo/odt_vts_application/Flash/flash.obj
 .rodata.Flash_Write.str1.1
                0x7e050800       0x32 CMakeFiles/nwy_open_app.dir/nwy_test_demo/odt_vts_application/Flash/flash.obj
 *fill*         0x7e050832        0x2 
 .rodata._svfprintf_r.str1.4
                0x7e050834       0x42 ../tools/GNU_Arm_Toolchain/arm-none-eabi/lib/thumb/v7/nofp/libc.a(lib_a-svfprintf.o)
 *fill*         0x7e050876        0x2 
 .rodata.blanks.1
                0x7e050878       0x10 ../tools/GNU_Arm_Toolchain/arm-none-eabi/lib/thumb/v7/nofp/libc.a(lib_a-svfprintf.o)
 .rodata.zeroes.0
                0x7e050888       0x10 ../tools/GNU_Arm_Toolchain/arm-none-eabi/lib/thumb/v7/nofp/libc.a(lib_a-svfprintf.o)
 .rodata.__ssvfscanf_r.str1.4
                0x7e050898        0x5 ../tools/GNU_Arm_Toolchain/arm-none-eabi/lib/thumb/v7/nofp/libc.a(lib_a-svfscanf.o)
                                  0x9 (size before relaxing)
 *fill*         0x7e05089d        0x3 
 .rodata.basefix.0
                0x7e0508a0       0x22 ../tools/GNU_Arm_Toolchain/arm-none-eabi/lib/thumb/v7/nofp/libc.a(lib_a-svfscanf.o)
 *fill*         0x7e0508c2        0x2 
 .rodata._ctype_
                0x7e0508c4      0x101 ../tools/GNU_Arm_Toolchain/arm-none-eabi/lib/thumb/v7/nofp/libc.a(lib_a-ctype_.o)
                0x7e0508c4                _ctype_
 *fill*         0x7e0509c5        0x3 
 .rodata._dtoa_r.str1.4
                0x7e0509c8       0xa1 ../tools/GNU_Arm_Toolchain/arm-none-eabi/lib/thumb/v7/nofp/libc.a(lib_a-dtoa.o)
                                 0xa5 (size before relaxing)
 *fill*         0x7e050a69        0x3 
 .rodata._setlocale_r.str1.4
                0x7e050a6c        0xa ../tools/GNU_Arm_Toolchain/arm-none-eabi/lib/thumb/v7/nofp/libc.a(lib_a-locale.o)
                                  0xd (size before relaxing)
 *fill*         0x7e050a76        0x2 
 .rodata.str1.4
                0x7e050a78        0x2 ../tools/GNU_Arm_Toolchain/arm-none-eabi/lib/thumb/v7/nofp/libc.a(lib_a-locale.o)
 .rodata._mbrtowc_r.str1.4
                0x7e050a7a        0x1 ../tools/GNU_Arm_Toolchain/arm-none-eabi/lib/thumb/v7/nofp/libc.a(lib_a-mbrtowc.o)
 *fill*         0x7e050a7a        0x2 
 .rodata.__multadd.str1.4
                0x7e050a7c       0x7e ../tools/GNU_Arm_Toolchain/arm-none-eabi/lib/thumb/v7/nofp/libc.a(lib_a-mprec.o)
                                 0x92 (size before relaxing)
 *fill*         0x7e050afa        0x6 
 .rodata.__mprec_bigtens
                0x7e050b00       0x28 ../tools/GNU_Arm_Toolchain/arm-none-eabi/lib/thumb/v7/nofp/libc.a(lib_a-mprec.o)
                0x7e050b00                __mprec_bigtens
 .rodata.__mprec_tens
                0x7e050b28       0xc8 ../tools/GNU_Arm_Toolchain/arm-none-eabi/lib/thumb/v7/nofp/libc.a(lib_a-mprec.o)
                0x7e050b28                __mprec_tens
 .rodata.p05.0  0x7e050bf0        0xc ../tools/GNU_Arm_Toolchain/arm-none-eabi/lib/thumb/v7/nofp/libc.a(lib_a-mprec.o)
 .rodata._strtod_l.str1.4
                0x7e050bfc        0xf ../tools/GNU_Arm_Toolchain/arm-none-eabi/lib/thumb/v7/nofp/libc.a(lib_a-strtod.o)
                                 0x11 (size before relaxing)
 *fill*         0x7e050c0b        0x1 
 .rodata.fpi.1  0x7e050c0c       0x14 ../tools/GNU_Arm_Toolchain/arm-none-eabi/lib/thumb/v7/nofp/libc.a(lib_a-strtod.o)
 .rodata.fpinan.0
                0x7e050c20       0x14 ../tools/GNU_Arm_Toolchain/arm-none-eabi/lib/thumb/v7/nofp/libc.a(lib_a-strtod.o)
 *fill*         0x7e050c34        0x4 
 .rodata.tinytens
                0x7e050c38       0x28 ../tools/GNU_Arm_Toolchain/arm-none-eabi/lib/thumb/v7/nofp/libc.a(lib_a-strtod.o)
 .rodata._vfiprintf_r.str1.4
                0x7e050c60       0x2f ../tools/GNU_Arm_Toolchain/arm-none-eabi/lib/thumb/v7/nofp/libc.a(lib_a-vfiprintf.o)
 .rodata.blanks.1
                0x7e050c60       0x10 ../tools/GNU_Arm_Toolchain/arm-none-eabi/lib/thumb/v7/nofp/libc.a(lib_a-vfiprintf.o)
 .rodata.zeroes.0
                0x7e050c70       0x10 ../tools/GNU_Arm_Toolchain/arm-none-eabi/lib/thumb/v7/nofp/libc.a(lib_a-vfiprintf.o)
 .rodata.__assert_func.str1.4
                0x7e050c80       0x3f ../tools/GNU_Arm_Toolchain/arm-none-eabi/lib/thumb/v7/nofp/libc.a(lib_a-assert.o)
                                 0x43 (size before relaxing)
 *fill*         0x7e050cbf        0x1 
 .rodata.__gethex.str1.4
                0x7e050cc0       0x85 ../tools/GNU_Arm_Toolchain/arm-none-eabi/lib/thumb/v7/nofp/libc.a(lib_a-gdtoa-gethex.o)
                                 0x99 (size before relaxing)
 *fill*         0x7e050d45        0x3 
 .rodata.__hexdig
                0x7e050d48      0x100 ../tools/GNU_Arm_Toolchain/arm-none-eabi/lib/thumb/v7/nofp/libc.a(lib_a-gdtoa-gethex.o)
                0x7e050d48                __hexdig
 .rodata.str1.4
                0x7e050e48        0x5 ../tools/GNU_Arm_Toolchain/arm-none-eabi/lib/thumb/v7/nofp/libc.a(lib_a-lnumeric.o)
 .rodata._C_numeric_locale
                0x7e050e48        0xc ../tools/GNU_Arm_Toolchain/arm-none-eabi/lib/thumb/v7/nofp/libc.a(lib_a-lnumeric.o)
                0x7e050e48                _C_numeric_locale

.conststrlit    0x7e050e54     0x1de3
 .conststrlit   0x7e050e54     0x1de3 ../build/nwy_open_stub.a(nwy_open_stub.o)

.ARM.exidx      0x7e052c38        0x8
 .ARM.exidx     0x7e052c38        0x8 ../tools/GNU_Arm_Toolchain/lib/gcc/arm-none-eabi/10.3.1/thumb/v7/nofp/libgcc.a(_udivmoddi4.o)

.rel.dyn        0x7e052c40        0x0
 .rel.iplt      0x7e052c40        0x0 CMakeFiles/nwy_open_app.dir/nwy_test_demo/nwy_test_cli/comm/nwy_test_cli_utils.obj

nwy_open_api_import
                0x7e052c40      0xc18
                0x7e052c40                PROVIDE (nwy_open_api_import$$Base = .)
 *(nwy_open_api_import)
 nwy_open_api_import
                0x7e052c40      0xc18 ../build/nwy_open_stub.a(nwy_open_stub.o)
                [!provide]                PROVIDE (nwy_open_api_import$$End = .)
                0x00000c18                nwy_open_api_import$$Length = SIZEOF (nwy_open_api_import)

.data           0x7e053858      0xfe6
 *(.data*)
 .data.UART_list
                0x7e053858        0xc CMakeFiles/nwy_open_app.dir/nwy_test_demo/odt_vts_application/Peripheral_Driver/driver.obj
                0x7e053858                UART_list
 .data.Sms_Cmd_list
                0x7e053864       0x24 CMakeFiles/nwy_open_app.dir/nwy_test_demo/odt_vts_application/SMS/sms.obj
                0x7e053864                Sms_Cmd_list
 .data          0x7e053888      0x60c ../build/nwy_open_stub.a(nwy_open_stub.o)
                0x7e053888                nwy_sdk_log_printf_ptr
                0x7e05388c                nwy_thread_create_ptr
                0x7e053890                nwy_thread_get_current_ptr
                0x7e053894                nwy_thread_set_priority_ptr
                0x7e053898                nwy_thread_get_priority_ptr
                0x7e05389c                nwy_thread_suspend_ptr
                0x7e0538a0                nwy_thread_resume_ptr
                0x7e0538a4                nwy_thread_exit_ptr
                0x7e0538a8                nwy_thread_sleep_ptr
                0x7e0538ac                nwy_thread_usleep_ptr
                0x7e0538b0                nwy_thread_event_send_ptr
                0x7e0538b4                nwy_thread_event_front_send_ptr
                0x7e0538b8                nwy_thread_event_wait_ptr
                0x7e0538bc                nwy_thread_pendingevt_num_get_ptr
                0x7e0538c0                nwy_thread_spaceevt_cnt_get_ptr
                0x7e0538c4                nwy_thread_info_get_ptr
                0x7e0538c8                nwy_thread_list_get_ptr
                0x7e0538cc                nwy_thread_runtime_stats_get_ptr
                0x7e0538d0                nwy_msg_queue_create_ptr
                0x7e0538d4                nwy_msg_queue_delete_ptr
                0x7e0538d8                nwy_msg_queue_send_ptr
                0x7e0538dc                nwy_msg_queue_front_send_ptr
                0x7e0538e0                nwy_msg_queue_recv_ptr
                0x7e0538e4                nwy_msg_queue_pending_num_get_ptr
                0x7e0538e8                nwy_msg_queue_space_num_get_ptr
                0x7e0538ec                nwy_sdk_mutex_create_ptr
                0x7e0538f0                nwy_sdk_mutex_lock_ptr
                0x7e0538f4                nwy_sdk_mutex_unlock_ptr
                0x7e0538f8                nwy_sdk_mutex_delete_ptr
                0x7e0538fc                nwy_semaphore_create_ptr
                0x7e053900                nwy_semaphore_acquire_ptr
                0x7e053904                nwy_semahpore_release_ptr
                0x7e053908                nwy_semahpore_delete_ptr
                0x7e05390c                nwy_semahpore_count_get_ptr
                0x7e053910                nwy_sdk_timer_create_ptr
                0x7e053914                nwy_sdk_timer_destory_ptr
                0x7e053918                nwy_sdk_timer_start_ptr
                0x7e05391c                nwy_sdk_timer_status_get_ptr
                0x7e053920                nwy_sdk_timer_stop_ptr
                0x7e053924                nwy_uptime_get_ptr
                0x7e053928                nwy_date_set_ptr
                0x7e05392c                nwy_date_get_ptr
                0x7e053930                nwy_sys_timestamp_set_ptr
                0x7e053934                nwy_sys_timestamp_get_ptr
                0x7e053938                nwy_sys_timezone_set_ptr
                0x7e05393c                nwy_timestamp_to_date_ptr
                0x7e053940                nwy_date_to_timestamp_ptr
                0x7e053944                nwy_socket_errno_ptr
                0x7e053948                nwy_socket_open_ptr
                0x7e05394c                nwy_socket_send_ptr
                0x7e053950                nwy_socket_recv_ptr
                0x7e053954                nwy_socket_sendto_ptr
                0x7e053958                nwy_socket_recvfrom_ptr
                0x7e05395c                nwy_socket_setsockopt_ptr
                0x7e053960                nwy_socket_getsockopt_ptr
                0x7e053964                nwy_socket_gethost_by_name_ptr
                0x7e053968                nwy_socket_close_ptr
                0x7e05396c                nwy_socket_shutdown_ptr
                0x7e053970                nwy_socket_connect_ptr
                0x7e053974                nwy_socket_lport_bind_ptr
                0x7e053978                nwy_socket_bind_ptr
                0x7e05397c                nwy_socket_listen_ptr
                0x7e053980                nwy_socket_accept_ptr
                0x7e053984                nwy_socket_get_state_ptr
                0x7e053988                nwy_socket_select_ptr
                0x7e05398c                nwy_socket_set_nonblock_ptr
                0x7e053990                nwy_socket_set_reuseaddr_ptr
                0x7e053994                nwy_socket_set_nodelay_ptr
                0x7e053998                nwy_socket_set_keepalive_ptr
                0x7e05399c                nwy_socket_set_linger_ptr
                0x7e0539a0                nwy_socket_get_ack_ptr
                0x7e0539a4                nwy_socket_get_sent_ptr
                0x7e0539a8                nwy_socket_inet_ntop_ptr
                0x7e0539ac                nwy_socket_inet_pton_ptr
                0x7e0539b0                nwy_socket_htons_ptr
                0x7e0539b4                nwy_socket_ntohs_ptr
                0x7e0539b8                nwy_socket_htonl_ptr
                0x7e0539bc                nwy_socket_ntohl_ptr
                0x7e0539c0                nwy_usb_serial_send_ptr
                0x7e0539c4                nwy_usb_serial_reg_recv_cb_ptr
                0x7e0539c8                malloc_ptr
                0x7e0539cc                calloc_ptr
                0x7e0539d0                realloc_ptr
                0x7e0539d4                free_ptr
                0x7e0539d8                nwy_file_open_ptr
                0x7e0539dc                nwy_file_read_ptr
                0x7e0539e0                nwy_file_write_ptr
                0x7e0539e4                nwy_file_tell_ptr
                0x7e0539e8                nwy_file_seek_ptr
                0x7e0539ec                nwy_file_path_size_ptr
                0x7e0539f0                nwy_file_fd_size_ptr
                0x7e0539f4                nwy_file_exist_ptr
                0x7e0539f8                nwy_file_remove_ptr
                0x7e0539fc                nwy_file_rename_ptr
                0x7e053a00                nwy_file_sync_ptr
                0x7e053a04                nwy_file_fd_trunc_ptr
                0x7e053a08                nwy_file_path_trunc_ptr
                0x7e053a0c                nwy_file_path_stat_get_ptr
                0x7e053a10                nwy_file_fd_stat_get_ptr
                0x7e053a14                nwy_file_close_ptr
                0x7e053a18                nwy_dir_mk_ptr
                0x7e053a1c                nwy_dir_rm_ptr
                0x7e053a20                nwy_dir_recursive_rm_ptr
                0x7e053a24                nwy_dir_open_ptr
                0x7e053a28                nwy_dir_close_ptr
                0x7e053a2c                nwy_dir_read_ptr
                0x7e053a30                nwy_dir_tell_ptr
                0x7e053a34                nwy_dir_seek_ptr
                0x7e053a38                nwy_dir_rewind_ptr
                0x7e053a3c                nwy_vfs_free_size_get_ptr
                0x7e053a40                nwy_dm_dev_model_get_ptr
                0x7e053a44                nwy_dm_inner_version_get_ptr
                0x7e053a48                nwy_dm_open_sdk_version_get_ptr
                0x7e053a4c                nwy_dm_hw_version_get_ptr
                0x7e053a50                nwy_dm_rftemperature_get_ptr
                0x7e053a54                nwy_dm_sn_get_ptr
                0x7e053a58                nwy_dm_imei_get_ptr
                0x7e053a5c                nwy_dm_app_version_set_ptr
                0x7e053a60                nwy_dm_imei_set_ptr
                0x7e053a64                nwy_dm_heapinfo_ptr
                0x7e053a68                nwy_dm_nvinfo_get_ptr
                0x7e053a6c                nwy_ftp_login_ptr
                0x7e053a70                nwy_ftp_logout_ptr
                0x7e053a74                nwy_ftp_get_ptr
                0x7e053a78                nwy_ftp_put_ptr
                0x7e053a7c                nwy_ftp_get_filesize_ptr
                0x7e053a80                nwy_ftp_del_file_ptr
                0x7e053a84                nwy_http_setup_ptr
                0x7e053a88                nwy_http_get_ptr
                0x7e053a8c                nwy_http_head_ptr
                0x7e053a90                nwy_http_post_ptr
                0x7e053a94                nwy_http_put_ptr
                0x7e053a98                nwy_http_open_mode_ptr
                0x7e053a9c                nwy_http_close_ptr
                0x7e053aa0                nwy_sntp_get_time_ptr
                0x7e053aa4                nwy_sim_imsi_get_ptr
                0x7e053aa8                nwy_sim_iccid_get_ptr
                0x7e053aac                nwy_sim_status_get_ptr
                0x7e053ab0                nwy_sim_pin_verify_ptr
                0x7e053ab4                nwy_sim_pin_unlock_ptr
                0x7e053ab8                nwy_sim_pin_mode_get_ptr
                0x7e053abc                nwy_sim_pin_enable_ptr
                0x7e053ac0                nwy_sim_pin_disable_ptr
                0x7e053ac4                nwy_sim_pin_change_ptr
                0x7e053ac8                nwy_sim_pin_times_get_ptr
                0x7e053acc                nwy_sim_msisdn_get_ptr
                0x7e053ad0                nwy_sim_slot_set_ptr
                0x7e053ad4                nwy_sim_slot_get_ptr
                0x7e053ad8                nwy_sim_reset_ptr
                0x7e053adc                nwy_sim_power_set_ptr
                0x7e053ae0                nwy_sim_detect_set_ptr
                0x7e053ae4                nwy_sim_csim_ptr
                0x7e053ae8                nwy_sim_urc_reg_ptr
                0x7e053aec                nwy_sim_urc_unreg_ptr
                0x7e053af0                nwy_pm_ctrl_ptr
                0x7e053af4                nwy_pm_state_set_ptr
                0x7e053af8                nwy_bootup_alarm_set_ptr
                0x7e053afc                nwy_bootup_alarm_del_ptr
                0x7e053b00                nwy_power_state_ptr
                0x7e053b04                nwy_pm_boot_res_ptr
                0x7e053b08                nwy_loc_navigation_start_ptr
                0x7e053b0c                nwy_loc_navigation_stop_ptr
                0x7e053b10                nwy_loc_navigation_reset_ptr
                0x7e053b14                nwy_loc_recv_cb_reg_ptr
                0x7e053b18                nwy_loc_mode_set_ptr
                0x7e053b1c                nwy_loc_startup_set_ptr
                0x7e053b20                nwy_loc_rate_set_ptr
                0x7e053b24                nwy_loc_cfg_nmea_type_ptr
                0x7e053b28                nwy_loc_nmea_get_ptr
                0x7e053b2c                nwy_loc_nmea_parse_ptr
                0x7e053b30                nwy_loc_agnss_start_ptr
                0x7e053b34                nwy_loc_param_set_ptr
                0x7e053b38                nwy_loc_param_get_ptr
                0x7e053b3c                nwy_data_reg_cb_ptr
                0x7e053b40                nwy_data_unreg_cb_ptr
                0x7e053b44                nwy_data_call_start_ptr
                0x7e053b48                nwy_data_call_stop_ptr
                0x7e053b4c                nwy_data_profile_get_ptr
                0x7e053b50                nwy_data_profile_set_ptr
                0x7e053b54                nwy_data_auto_connect_set_ptr
                0x7e053b58                nwy_data_call_info_get_ptr
                0x7e053b5c                nwy_data_flow_info_get_ptr
                0x7e053b60                nwy_data_eps_dyn_apn_get_ptr
                0x7e053b64                nwy_data_dhcp_get_ptr
                0x7e053b68                nwy_data_dhcp_set_ptr
                0x7e053b6c                nwy_data_dns_info_get_ptr
                0x7e053b70                nwy_data_get_capability_ptr
                0x7e053b74                mbedtls_ssl_conf_max_version_ptr
                0x7e053b78                mbedtls_ssl_conf_min_version_ptr
                0x7e053b7c                mbedtls_ssl_conf_authmode_ptr
                0x7e053b80                mbedtls_ssl_conf_ca_chain_ptr
                0x7e053b84                mbedtls_ssl_conf_own_cert_ptr
                0x7e053b88                mbedtls_ssl_conf_rng_ptr
                0x7e053b8c                mbedtls_ssl_conf_dbg_ptr
                0x7e053b90                mbedtls_ssl_setup_ptr
                0x7e053b94                mbedtls_ssl_set_hostname_ptr
                0x7e053b98                mbedtls_ssl_set_bio_ptr
                0x7e053b9c                mbedtls_ssl_handshake_ptr
                0x7e053ba0                mbedtls_ssl_get_verify_result_ptr
                0x7e053ba4                mbedtls_net_connect_ptr
                0x7e053ba8                mbedtls_net_init_ptr
                0x7e053bac                mbedtls_net_bind_ptr
                0x7e053bb0                mbedtls_net_accept_ptr
                0x7e053bb4                mbedtls_net_poll_ptr
                0x7e053bb8                mbedtls_net_set_block_ptr
                0x7e053bbc                mbedtls_net_set_nonblock_ptr
                0x7e053bc0                mbedtls_net_usleep_ptr
                0x7e053bc4                mbedtls_net_recv_ptr
                0x7e053bc8                mbedtls_net_send_ptr
                0x7e053bcc                mbedtls_net_recv_timeout_ptr
                0x7e053bd0                mbedtls_net_free_ptr
                0x7e053bd4                mbedtls_pk_init_ptr
                0x7e053bd8                mbedtls_pk_free_ptr
                0x7e053bdc                mbedtls_ssl_init_ptr
                0x7e053be0                mbedtls_ssl_read_ptr
                0x7e053be4                mbedtls_ssl_write_ptr
                0x7e053be8                mbedtls_ssl_send_alert_message_ptr
                0x7e053bec                mbedtls_ssl_close_notify_ptr
                0x7e053bf0                mbedtls_ssl_free_ptr
                0x7e053bf4                mbedtls_ssl_config_init_ptr
                0x7e053bf8                mbedtls_ssl_config_defaults_ptr
                0x7e053bfc                mbedtls_ssl_config_free_ptr
                0x7e053c00                mbedtls_ssl_session_init_ptr
                0x7e053c04                mbedtls_ssl_session_free_ptr
                0x7e053c08                mbedtls_ssl_conf_read_timeout_ptr
                0x7e053c0c                mbedtls_ssl_set_timer_cb_ptr
                0x7e053c10                mbedtls_platform_set_calloc_free_ptr
                0x7e053c14                mbedtls_x509_crt_parse_der_ptr
                0x7e053c18                mbedtls_x509_crt_parse_ptr
                0x7e053c1c                mbedtls_x509_crt_info_ptr
                0x7e053c20                mbedtls_x509_crt_verify_info_ptr
                0x7e053c24                mbedtls_x509_crt_verify_ptr
                0x7e053c28                mbedtls_x509_crt_verify_with_profile_ptr
                0x7e053c2c                mbedtls_x509_crt_verify_restartable_ptr
                0x7e053c30                mbedtls_x509_crt_init_ptr
                0x7e053c34                mbedtls_x509_crt_free_ptr
                0x7e053c38                mbedtls_pk_parse_key_ptr
                0x7e053c3c                mbedtls_entropy_free_ptr
                0x7e053c40                mbedtls_entropy_init_ptr
                0x7e053c44                mbedtls_entropy_func_ptr
                0x7e053c48                mbedtls_ctr_drbg_random_ptr
                0x7e053c4c                mbedtls_ctr_drbg_free_ptr
                0x7e053c50                mbedtls_ctr_drbg_seed_ptr
                0x7e053c54                mbedtls_ctr_drbg_init_ptr
                0x7e053c58                mbedtls_ssl_get_bytes_avail_ptr
                0x7e053c5c                mbedtls_ssl_conf_ciphersuites_ptr
                0x7e053c60                mbedtls_sha1_init_ptr
                0x7e053c64                mbedtls_sha1_update_ptr
                0x7e053c68                mbedtls_sha1_finish_ptr
                0x7e053c6c                mbedtls_base64_encode_ptr
                0x7e053c70                mbedtls_ssl_session_reset_ptr
                0x7e053c74                mbedtls_pk_get_type_ptr
                0x7e053c78                mbedtls_ssl_conf_renegotiation_ptr
                0x7e053c7c                mbedtls_ssl_set_session_ptr
                0x7e053c80                mbedtls_aes_init_ptr
                0x7e053c84                mbedtls_aes_free_ptr
                0x7e053c88                mbedtls_aes_xts_init_ptr
                0x7e053c8c                mbedtls_aes_xts_free_ptr
                0x7e053c90                mbedtls_aes_setkey_enc_ptr
                0x7e053c94                mbedtls_aes_setkey_dec_ptr
                0x7e053c98                mbedtls_aes_xts_setkey_enc_ptr
                0x7e053c9c                mbedtls_aes_xts_setkey_dec_ptr
                0x7e053ca0                mbedtls_aes_crypt_ecb_ptr
                0x7e053ca4                mbedtls_aes_crypt_cbc_ptr
                0x7e053ca8                mbedtls_aes_crypt_xts_ptr
                0x7e053cac                mbedtls_aes_crypt_cfb128_ptr
                0x7e053cb0                mbedtls_aes_crypt_cfb8_ptr
                0x7e053cb4                mbedtls_aes_crypt_ofb_ptr
                0x7e053cb8                mbedtls_aes_crypt_ctr_ptr
                0x7e053cbc                nwy_ssl_version_info_get_ptr